[0.074s] DEBUG:colcon:Command line arguments: ['/usr/bin/colcon', 'build']
[0.074s] DEBUG:colcon:Parsed command line arguments: Namespace(log_base=None, log_level=None, verb_name='build', build_base='build', install_base='install', merge_install=False, symlink_install=False, test_result_base=None, continue_on_error=False, executor='parallel', parallel_workers=16, event_handlers=None, ignore_user_meta=False, metas=['./colcon.meta'], base_paths=['.'], packages_ignore=None, packages_ignore_regex=None, paths=None, packages_up_to=None, packages_up_to_regex=None, packages_above=None, packages_above_and_dependencies=None, packages_above_depth=None, packages_select_by_dep=None, packages_skip_by_dep=None, packages_skip_up_to=None, packages_select_build_failed=False, packages_skip_build_finished=False, packages_select_test_failures=False, packages_skip_test_passed=False, packages_select=None, packages_skip=None, packages_select_regex=None, packages_skip_regex=None, packages_start=None, packages_end=None, allow_overriding=[], cmake_args=None, cmake_target=None, cmake_target_skip_unavailable=False, cmake_clean_cache=False, cmake_clean_first=False, cmake_force_configure=False, ament_cmake_args=None, catkin_cmake_args=None, catkin_skip_building_tests=False, mixin_files=None, mixin=None, verb_parser=<colcon_mixin.mixin.mixin_argument.MixinArgumentDecorator object at 0x7608acb71510>, verb_extension=<colcon_core.verb.build.BuildVerb object at 0x7608accf6d70>, main=<bound method BuildVerb.main of <colcon_core.verb.build.BuildVerb object at 0x7608accf6d70>>, mixin_verb=('build',))
[0.187s] Level 1:colcon.colcon_core.package_discovery:discover_packages(colcon_meta) check parameters
[0.187s] Level 1:colcon.colcon_core.package_discovery:discover_packages(recursive) check parameters
[0.187s] Level 1:colcon.colcon_core.package_discovery:discover_packages(ignore) check parameters
[0.187s] Level 1:colcon.colcon_core.package_discovery:discover_packages(path) check parameters
[0.187s] Level 1:colcon.colcon_core.package_discovery:discover_packages(colcon_meta) discover
[0.187s] Level 1:colcon.colcon_core.package_discovery:discover_packages(recursive) discover
[0.187s] INFO:colcon.colcon_core.package_discovery:Crawling recursively for packages in '/home/parimala/vending_machine_ws'
[0.187s] Level 1:colcon.colcon_core.package_identification:_identify(.) by extensions ['ignore', 'ignore_ament_install']
[0.187s] Level 1:colcon.colcon_core.package_identification:_identify(.) by extension 'ignore'
[0.187s] Level 1:colcon.colcon_core.package_identification:_identify(.) by extension 'ignore_ament_install'
[0.187s] Level 1:colcon.colcon_core.package_identification:_identify(.) by extensions ['colcon_pkg']
[0.187s] Level 1:colcon.colcon_core.package_identification:_identify(.) by extension 'colcon_pkg'
[0.187s] Level 1:colcon.colcon_core.package_identification:_identify(.) by extensions ['colcon_meta']
[0.187s] Level 1:colcon.colcon_core.package_identification:_identify(.) by extension 'colcon_meta'
[0.187s] Level 1:colcon.colcon_core.package_identification:_identify(.) by extensions ['ros']
[0.187s] Level 1:colcon.colcon_core.package_identification:_identify(.) by extension 'ros'
[0.199s] Level 1:colcon.colcon_core.package_identification:_identify(.) by extensions ['cmake', 'python']
[0.199s] Level 1:colcon.colcon_core.package_identification:_identify(.) by extension 'cmake'
[0.200s] Level 1:colcon.colcon_core.package_identification:_identify(.) by extension 'python'
[0.200s] Level 1:colcon.colcon_core.package_identification:_identify(.) by extensions ['python_setup_py']
[0.200s] Level 1:colcon.colcon_core.package_identification:_identify(.) by extension 'python_setup_py'
[0.200s] Level 1:colcon.colcon_core.package_identification:_identify(build) by extensions ['ignore', 'ignore_ament_install']
[0.200s] Level 1:colcon.colcon_core.package_identification:_identify(build) by extension 'ignore'
[0.200s] Level 1:colcon.colcon_core.package_identification:_identify(build) ignored
[0.200s] Level 1:colcon.colcon_core.package_identification:_identify(install) by extensions ['ignore', 'ignore_ament_install']
[0.200s] Level 1:colcon.colcon_core.package_identification:_identify(install) by extension 'ignore'
[0.200s] Level 1:colcon.colcon_core.package_identification:_identify(install) ignored
[0.200s] Level 1:colcon.colcon_core.package_identification:_identify(log) by extensions ['ignore', 'ignore_ament_install']
[0.200s] Level 1:colcon.colcon_core.package_identification:_identify(log) by extension 'ignore'
[0.200s] Level 1:colcon.colcon_core.package_identification:_identify(log) ignored
[0.200s] Level 1:colcon.colcon_core.package_identification:_identify(src) by extensions ['ignore', 'ignore_ament_install']
[0.200s] Level 1:colcon.colcon_core.package_identification:_identify(src) by extension 'ignore'
[0.200s] Level 1:colcon.colcon_core.package_identification:_identify(src) by extension 'ignore_ament_install'
[0.200s] Level 1:colcon.colcon_core.package_identification:_identify(src) by extensions ['colcon_pkg']
[0.200s] Level 1:colcon.colcon_core.package_identification:_identify(src) by extension 'colcon_pkg'
[0.200s] Level 1:colcon.colcon_core.package_identification:_identify(src) by extensions ['colcon_meta']
[0.200s] Level 1:colcon.colcon_core.package_identification:_identify(src) by extension 'colcon_meta'
[0.200s] Level 1:colcon.colcon_core.package_identification:_identify(src) by extensions ['ros']
[0.200s] Level 1:colcon.colcon_core.package_identification:_identify(src) by extension 'ros'
[0.200s] Level 1:colcon.colcon_core.package_identification:_identify(src) by extensions ['cmake', 'python']
[0.200s] Level 1:colcon.colcon_core.package_identification:_identify(src) by extension 'cmake'
[0.200s] Level 1:colcon.colcon_core.package_identification:_identify(src) by extension 'python'
[0.200s] Level 1:colcon.colcon_core.package_identification:_identify(src) by extensions ['python_setup_py']
[0.200s] Level 1:colcon.colcon_core.package_identification:_identify(src) by extension 'python_setup_py'
[0.200s] Level 1:colcon.colcon_core.package_identification:_identify(src/vending_machine) by extensions ['ignore', 'ignore_ament_install']
[0.200s] Level 1:colcon.colcon_core.package_identification:_identify(src/vending_machine) by extension 'ignore'
[0.200s] Level 1:colcon.colcon_core.package_identification:_identify(src/vending_machine) by extension 'ignore_ament_install'
[0.201s] Level 1:colcon.colcon_core.package_identification:_identify(src/vending_machine) by extensions ['colcon_pkg']
[0.201s] Level 1:colcon.colcon_core.package_identification:_identify(src/vending_machine) by extension 'colcon_pkg'
[0.201s] Level 1:colcon.colcon_core.package_identification:_identify(src/vending_machine) by extensions ['colcon_meta']
[0.201s] Level 1:colcon.colcon_core.package_identification:_identify(src/vending_machine) by extension 'colcon_meta'
[0.201s] Level 1:colcon.colcon_core.package_identification:_identify(src/vending_machine) by extensions ['ros']
[0.201s] Level 1:colcon.colcon_core.package_identification:_identify(src/vending_machine) by extension 'ros'
[0.202s] DEBUG:colcon.colcon_core.package_identification:Package 'src/vending_machine' with type 'ros.ament_python' and name 'vending_machine'
[0.202s] Level 1:colcon.colcon_core.package_identification:_identify(src/vending_machine_interfaces) by extensions ['ignore', 'ignore_ament_install']
[0.202s] Level 1:colcon.colcon_core.package_identification:_identify(src/vending_machine_interfaces) by extension 'ignore'
[0.202s] Level 1:colcon.colcon_core.package_identification:_identify(src/vending_machine_interfaces) by extension 'ignore_ament_install'
[0.202s] Level 1:colcon.colcon_core.package_identification:_identify(src/vending_machine_interfaces) by extensions ['colcon_pkg']
[0.202s] Level 1:colcon.colcon_core.package_identification:_identify(src/vending_machine_interfaces) by extension 'colcon_pkg'
[0.202s] Level 1:colcon.colcon_core.package_identification:_identify(src/vending_machine_interfaces) by extensions ['colcon_meta']
[0.202s] Level 1:colcon.colcon_core.package_identification:_identify(src/vending_machine_interfaces) by extension 'colcon_meta'
[0.202s] Level 1:colcon.colcon_core.package_identification:_identify(src/vending_machine_interfaces) by extensions ['ros']
[0.202s] Level 1:colcon.colcon_core.package_identification:_identify(src/vending_machine_interfaces) by extension 'ros'
[0.203s] DEBUG:colcon.colcon_core.package_identification:Package 'src/vending_machine_interfaces' with type 'ros.ament_cmake' and name 'vending_machine_interfaces'
[0.203s] Level 1:colcon.colcon_core.package_discovery:discover_packages(recursive) using defaults
[0.203s] Level 1:colcon.colcon_core.package_discovery:discover_packages(ignore) discover
[0.203s] Level 1:colcon.colcon_core.package_discovery:discover_packages(ignore) using defaults
[0.203s] Level 1:colcon.colcon_core.package_discovery:discover_packages(path) discover
[0.203s] Level 1:colcon.colcon_core.package_discovery:discover_packages(path) using defaults
[0.217s] Level 1:colcon.colcon_core.package_discovery:discover_packages(prefix_path) check parameters
[0.217s] Level 1:colcon.colcon_core.package_discovery:discover_packages(prefix_path) discover
[0.218s] DEBUG:colcon.colcon_installed_package_information.package_discovery:Found 23 installed packages in /home/parimala/ros2_ws/install
[0.219s] DEBUG:colcon.colcon_installed_package_information.package_discovery:Found 273 installed packages in /opt/ros/humble
[0.220s] Level 1:colcon.colcon_core.package_discovery:discover_packages(prefix_path) using defaults
[0.242s] Level 5:colcon.colcon_core.verb:set package 'vending_machine_interfaces' build argument 'cmake_args' from command line to 'None'
[0.242s] Level 5:colcon.colcon_core.verb:set package 'vending_machine_interfaces' build argument 'cmake_target' from command line to 'None'
[0.242s] Level 5:colcon.colcon_core.verb:set package 'vending_machine_interfaces' build argument 'cmake_target_skip_unavailable' from command line to 'False'
[0.242s] Level 5:colcon.colcon_core.verb:set package 'vending_machine_interfaces' build argument 'cmake_clean_cache' from command line to 'False'
[0.242s] Level 5:colcon.colcon_core.verb:set package 'vending_machine_interfaces' build argument 'cmake_clean_first' from command line to 'False'
[0.242s] Level 5:colcon.colcon_core.verb:set package 'vending_machine_interfaces' build argument 'cmake_force_configure' from command line to 'False'
[0.242s] Level 5:colcon.colcon_core.verb:set package 'vending_machine_interfaces' build argument 'ament_cmake_args' from command line to 'None'
[0.242s] Level 5:colcon.colcon_core.verb:set package 'vending_machine_interfaces' build argument 'catkin_cmake_args' from command line to 'None'
[0.242s] Level 5:colcon.colcon_core.verb:set package 'vending_machine_interfaces' build argument 'catkin_skip_building_tests' from command line to 'False'
[0.242s] DEBUG:colcon.colcon_core.verb:Building package 'vending_machine_interfaces' with the following arguments: {'ament_cmake_args': None, 'build_base': '/home/parimala/vending_machine_ws/build/vending_machine_interfaces', 'catkin_cmake_args': None, 'catkin_skip_building_tests': False, 'cmake_args': None, 'cmake_clean_cache': False, 'cmake_clean_first': False, 'cmake_force_configure': False, 'cmake_target': None, 'cmake_target_skip_unavailable': False, 'install_base': '/home/parimala/vending_machine_ws/install/vending_machine_interfaces', 'merge_install': False, 'path': '/home/parimala/vending_machine_ws/src/vending_machine_interfaces', 'symlink_install': False, 'test_result_base': None}
[0.242s] Level 5:colcon.colcon_core.verb:set package 'vending_machine' build argument 'cmake_args' from command line to 'None'
[0.242s] Level 5:colcon.colcon_core.verb:set package 'vending_machine' build argument 'cmake_target' from command line to 'None'
[0.242s] Level 5:colcon.colcon_core.verb:set package 'vending_machine' build argument 'cmake_target_skip_unavailable' from command line to 'False'
[0.242s] Level 5:colcon.colcon_core.verb:set package 'vending_machine' build argument 'cmake_clean_cache' from command line to 'False'
[0.242s] Level 5:colcon.colcon_core.verb:set package 'vending_machine' build argument 'cmake_clean_first' from command line to 'False'
[0.242s] Level 5:colcon.colcon_core.verb:set package 'vending_machine' build argument 'cmake_force_configure' from command line to 'False'
[0.242s] Level 5:colcon.colcon_core.verb:set package 'vending_machine' build argument 'ament_cmake_args' from command line to 'None'
[0.242s] Level 5:colcon.colcon_core.verb:set package 'vending_machine' build argument 'catkin_cmake_args' from command line to 'None'
[0.242s] Level 5:colcon.colcon_core.verb:set package 'vending_machine' build argument 'catkin_skip_building_tests' from command line to 'False'
[0.242s] DEBUG:colcon.colcon_core.verb:Building package 'vending_machine' with the following arguments: {'ament_cmake_args': None, 'build_base': '/home/parimala/vending_machine_ws/build/vending_machine', 'catkin_cmake_args': None, 'catkin_skip_building_tests': False, 'cmake_args': None, 'cmake_clean_cache': False, 'cmake_clean_first': False, 'cmake_force_configure': False, 'cmake_target': None, 'cmake_target_skip_unavailable': False, 'install_base': '/home/parimala/vending_machine_ws/install/vending_machine', 'merge_install': False, 'path': '/home/parimala/vending_machine_ws/src/vending_machine', 'symlink_install': False, 'test_result_base': None}
[0.242s] INFO:colcon.colcon_core.executor:Executing jobs using 'parallel' executor
[0.243s] DEBUG:colcon.colcon_parallel_executor.executor.parallel:run_until_complete
[0.243s] INFO:colcon.colcon_ros.task.ament_cmake.build:Building ROS package in '/home/parimala/vending_machine_ws/src/vending_machine_interfaces' with build type 'ament_cmake'
[0.243s] INFO:colcon.colcon_cmake.task.cmake.build:Building CMake package in '/home/parimala/vending_machine_ws/src/vending_machine_interfaces'
[0.245s] INFO:colcon.colcon_core.plugin_system:Skipping extension 'colcon_core.shell.bat': Not used on non-Windows systems
[0.245s] INFO:colcon.colcon_core.shell:Skip shell extension 'powershell' for command environment: Not usable outside of PowerShell
[0.245s] DEBUG:colcon.colcon_core.shell:Skip shell extension 'dsv' for command environment
[0.252s] DEBUG:colcon.colcon_core.event_handler.log_command:Invoking command in '/home/parimala/vending_machine_ws/build/vending_machine_interfaces': CMAKE_PREFIX_PATH=${CMAKE_PREFIX_PATH}:/home/parimala/ros2_ws/install/launch_testing_examples:/home/parimala/ros2_ws/install/examples_rclpy_pointcloud_publisher:/home/parimala/ros2_ws/install/examples_rclpy_minimal_subscriber:/home/parimala/ros2_ws/install/examples_rclpy_minimal_service:/home/parimala/ros2_ws/install/examples_rclpy_minimal_publisher:/home/parimala/ros2_ws/install/examples_rclpy_minimal_client:/home/parimala/ros2_ws/install/examples_rclpy_minimal_action_server:/home/parimala/ros2_ws/install/examples_rclpy_minimal_action_client:/home/parimala/ros2_ws/install/examples_rclpy_guard_conditions:/home/parimala/ros2_ws/install/examples_rclpy_executors:/home/parimala/ros2_ws/install/even_odd_numbers:/opt/ros/humble /usr/bin/cmake /home/parimala/vending_machine_ws/src/vending_machine_interfaces -DCMAKE_INSTALL_PREFIX=/home/parimala/vending_machine_ws/install/vending_machine_interfaces
[1.226s] DEBUG:colcon.colcon_core.event_handler.log_command:Invoked command in '/home/parimala/vending_machine_ws/build/vending_machine_interfaces' returned '0': CMAKE_PREFIX_PATH=${CMAKE_PREFIX_PATH}:/home/parimala/ros2_ws/install/launch_testing_examples:/home/parimala/ros2_ws/install/examples_rclpy_pointcloud_publisher:/home/parimala/ros2_ws/install/examples_rclpy_minimal_subscriber:/home/parimala/ros2_ws/install/examples_rclpy_minimal_service:/home/parimala/ros2_ws/install/examples_rclpy_minimal_publisher:/home/parimala/ros2_ws/install/examples_rclpy_minimal_client:/home/parimala/ros2_ws/install/examples_rclpy_minimal_action_server:/home/parimala/ros2_ws/install/examples_rclpy_minimal_action_client:/home/parimala/ros2_ws/install/examples_rclpy_guard_conditions:/home/parimala/ros2_ws/install/examples_rclpy_executors:/home/parimala/ros2_ws/install/even_odd_numbers:/opt/ros/humble /usr/bin/cmake /home/parimala/vending_machine_ws/src/vending_machine_interfaces -DCMAKE_INSTALL_PREFIX=/home/parimala/vending_machine_ws/install/vending_machine_interfaces
[1.227s] DEBUG:colcon.colcon_core.event_handler.log_command:Invoking command in '/home/parimala/vending_machine_ws/build/vending_machine_interfaces': CMAKE_PREFIX_PATH=${CMAKE_PREFIX_PATH}:/home/parimala/ros2_ws/install/launch_testing_examples:/home/parimala/ros2_ws/install/examples_rclpy_pointcloud_publisher:/home/parimala/ros2_ws/install/examples_rclpy_minimal_subscriber:/home/parimala/ros2_ws/install/examples_rclpy_minimal_service:/home/parimala/ros2_ws/install/examples_rclpy_minimal_publisher:/home/parimala/ros2_ws/install/examples_rclpy_minimal_client:/home/parimala/ros2_ws/install/examples_rclpy_minimal_action_server:/home/parimala/ros2_ws/install/examples_rclpy_minimal_action_client:/home/parimala/ros2_ws/install/examples_rclpy_guard_conditions:/home/parimala/ros2_ws/install/examples_rclpy_executors:/home/parimala/ros2_ws/install/even_odd_numbers:/opt/ros/humble /usr/bin/cmake --build /home/parimala/vending_machine_ws/build/vending_machine_interfaces -- -j16 -l16
[1.516s] DEBUG:colcon.colcon_core.event_handler.log_command:Invoked command in '/home/parimala/vending_machine_ws/build/vending_machine_interfaces' returned '0': CMAKE_PREFIX_PATH=${CMAKE_PREFIX_PATH}:/home/parimala/ros2_ws/install/launch_testing_examples:/home/parimala/ros2_ws/install/examples_rclpy_pointcloud_publisher:/home/parimala/ros2_ws/install/examples_rclpy_minimal_subscriber:/home/parimala/ros2_ws/install/examples_rclpy_minimal_service:/home/parimala/ros2_ws/install/examples_rclpy_minimal_publisher:/home/parimala/ros2_ws/install/examples_rclpy_minimal_client:/home/parimala/ros2_ws/install/examples_rclpy_minimal_action_server:/home/parimala/ros2_ws/install/examples_rclpy_minimal_action_client:/home/parimala/ros2_ws/install/examples_rclpy_guard_conditions:/home/parimala/ros2_ws/install/examples_rclpy_executors:/home/parimala/ros2_ws/install/even_odd_numbers:/opt/ros/humble /usr/bin/cmake --build /home/parimala/vending_machine_ws/build/vending_machine_interfaces -- -j16 -l16
[1.528s] DEBUG:colcon.colcon_core.event_handler.log_command:Invoking command in '/home/parimala/vending_machine_ws/build/vending_machine_interfaces': CMAKE_PREFIX_PATH=${CMAKE_PREFIX_PATH}:/home/parimala/ros2_ws/install/launch_testing_examples:/home/parimala/ros2_ws/install/examples_rclpy_pointcloud_publisher:/home/parimala/ros2_ws/install/examples_rclpy_minimal_subscriber:/home/parimala/ros2_ws/install/examples_rclpy_minimal_service:/home/parimala/ros2_ws/install/examples_rclpy_minimal_publisher:/home/parimala/ros2_ws/install/examples_rclpy_minimal_client:/home/parimala/ros2_ws/install/examples_rclpy_minimal_action_server:/home/parimala/ros2_ws/install/examples_rclpy_minimal_action_client:/home/parimala/ros2_ws/install/examples_rclpy_guard_conditions:/home/parimala/ros2_ws/install/examples_rclpy_executors:/home/parimala/ros2_ws/install/even_odd_numbers:/opt/ros/humble /usr/bin/cmake --install /home/parimala/vending_machine_ws/build/vending_machine_interfaces
[1.593s] Level 1:colcon.colcon_core.environment:create_environment_scripts_only(vending_machine_interfaces)
[1.594s] DEBUG:colcon.colcon_core.event_handler.log_command:Invoked command in '/home/parimala/vending_machine_ws/build/vending_machine_interfaces' returned '0': CMAKE_PREFIX_PATH=${CMAKE_PREFIX_PATH}:/home/parimala/ros2_ws/install/launch_testing_examples:/home/parimala/ros2_ws/install/examples_rclpy_pointcloud_publisher:/home/parimala/ros2_ws/install/examples_rclpy_minimal_subscriber:/home/parimala/ros2_ws/install/examples_rclpy_minimal_service:/home/parimala/ros2_ws/install/examples_rclpy_minimal_publisher:/home/parimala/ros2_ws/install/examples_rclpy_minimal_client:/home/parimala/ros2_ws/install/examples_rclpy_minimal_action_server:/home/parimala/ros2_ws/install/examples_rclpy_minimal_action_client:/home/parimala/ros2_ws/install/examples_rclpy_guard_conditions:/home/parimala/ros2_ws/install/examples_rclpy_executors:/home/parimala/ros2_ws/install/even_odd_numbers:/opt/ros/humble /usr/bin/cmake --install /home/parimala/vending_machine_ws/build/vending_machine_interfaces
[1.596s] Level 1:colcon.colcon_core.environment:checking '/home/parimala/vending_machine_ws/install/vending_machine_interfaces' for CMake module files
[1.597s] Level 1:colcon.colcon_core.environment:checking '/home/parimala/vending_machine_ws/install/vending_machine_interfaces' for CMake config files
[1.598s] Level 1:colcon.colcon_core.shell:create_environment_hook('vending_machine_interfaces', 'cmake_prefix_path')
[1.598s] INFO:colcon.colcon_core.shell:Creating environment hook '/home/parimala/vending_machine_ws/install/vending_machine_interfaces/share/vending_machine_interfaces/hook/cmake_prefix_path.ps1'
[1.598s] INFO:colcon.colcon_core.shell:Creating environment descriptor '/home/parimala/vending_machine_ws/install/vending_machine_interfaces/share/vending_machine_interfaces/hook/cmake_prefix_path.dsv'
[1.599s] INFO:colcon.colcon_core.shell:Creating environment hook '/home/parimala/vending_machine_ws/install/vending_machine_interfaces/share/vending_machine_interfaces/hook/cmake_prefix_path.sh'
[1.599s] Level 1:colcon.colcon_core.environment:checking '/home/parimala/vending_machine_ws/install/vending_machine_interfaces/lib'
[1.599s] Level 1:colcon.colcon_core.shell:create_environment_hook('vending_machine_interfaces', 'ld_library_path_lib')
[1.599s] INFO:colcon.colcon_core.shell:Creating environment hook '/home/parimala/vending_machine_ws/install/vending_machine_interfaces/share/vending_machine_interfaces/hook/ld_library_path_lib.ps1'
[1.600s] INFO:colcon.colcon_core.shell:Creating environment descriptor '/home/parimala/vending_machine_ws/install/vending_machine_interfaces/share/vending_machine_interfaces/hook/ld_library_path_lib.dsv'
[1.600s] INFO:colcon.colcon_core.shell:Creating environment hook '/home/parimala/vending_machine_ws/install/vending_machine_interfaces/share/vending_machine_interfaces/hook/ld_library_path_lib.sh'
[1.600s] Level 1:colcon.colcon_core.environment:checking '/home/parimala/vending_machine_ws/install/vending_machine_interfaces/bin'
[1.600s] Level 1:colcon.colcon_core.environment:checking '/home/parimala/vending_machine_ws/install/vending_machine_interfaces/lib/pkgconfig/vending_machine_interfaces.pc'
[1.600s] Level 1:colcon.colcon_core.environment:checking '/home/parimala/vending_machine_ws/install/vending_machine_interfaces/lib/python3.10/site-packages'
[1.600s] Level 1:colcon.colcon_core.environment:checking '/home/parimala/vending_machine_ws/install/vending_machine_interfaces/bin'
[1.601s] INFO:colcon.colcon_core.shell:Creating package script '/home/parimala/vending_machine_ws/install/vending_machine_interfaces/share/vending_machine_interfaces/package.ps1'
[1.601s] INFO:colcon.colcon_core.shell:Creating package descriptor '/home/parimala/vending_machine_ws/install/vending_machine_interfaces/share/vending_machine_interfaces/package.dsv'
[1.602s] INFO:colcon.colcon_core.shell:Creating package script '/home/parimala/vending_machine_ws/install/vending_machine_interfaces/share/vending_machine_interfaces/package.sh'
[1.602s] INFO:colcon.colcon_core.shell:Creating package script '/home/parimala/vending_machine_ws/install/vending_machine_interfaces/share/vending_machine_interfaces/package.bash'
[1.602s] INFO:colcon.colcon_core.shell:Creating package script '/home/parimala/vending_machine_ws/install/vending_machine_interfaces/share/vending_machine_interfaces/package.zsh'
[1.603s] Level 1:colcon.colcon_core.environment:create_file_with_runtime_dependencies(/home/parimala/vending_machine_ws/install/vending_machine_interfaces/share/colcon-core/packages/vending_machine_interfaces)
[1.603s] Level 1:colcon.colcon_core.environment:create_environment_scripts_only(vending_machine_interfaces)
[1.603s] Level 1:colcon.colcon_core.environment:checking '/home/parimala/vending_machine_ws/install/vending_machine_interfaces' for CMake module files
[1.604s] Level 1:colcon.colcon_core.environment:checking '/home/parimala/vending_machine_ws/install/vending_machine_interfaces' for CMake config files
[1.604s] Level 1:colcon.colcon_core.shell:create_environment_hook('vending_machine_interfaces', 'cmake_prefix_path')
[1.604s] INFO:colcon.colcon_core.shell:Creating environment hook '/home/parimala/vending_machine_ws/install/vending_machine_interfaces/share/vending_machine_interfaces/hook/cmake_prefix_path.ps1'
[1.604s] INFO:colcon.colcon_core.shell:Creating environment descriptor '/home/parimala/vending_machine_ws/install/vending_machine_interfaces/share/vending_machine_interfaces/hook/cmake_prefix_path.dsv'
[1.605s] INFO:colcon.colcon_core.shell:Creating environment hook '/home/parimala/vending_machine_ws/install/vending_machine_interfaces/share/vending_machine_interfaces/hook/cmake_prefix_path.sh'
[1.605s] Level 1:colcon.colcon_core.environment:checking '/home/parimala/vending_machine_ws/install/vending_machine_interfaces/lib'
[1.605s] Level 1:colcon.colcon_core.shell:create_environment_hook('vending_machine_interfaces', 'ld_library_path_lib')
[1.605s] INFO:colcon.colcon_core.shell:Creating environment hook '/home/parimala/vending_machine_ws/install/vending_machine_interfaces/share/vending_machine_interfaces/hook/ld_library_path_lib.ps1'
[1.605s] INFO:colcon.colcon_core.shell:Creating environment descriptor '/home/parimala/vending_machine_ws/install/vending_machine_interfaces/share/vending_machine_interfaces/hook/ld_library_path_lib.dsv'
[1.606s] INFO:colcon.colcon_core.shell:Creating environment hook '/home/parimala/vending_machine_ws/install/vending_machine_interfaces/share/vending_machine_interfaces/hook/ld_library_path_lib.sh'
[1.606s] Level 1:colcon.colcon_core.environment:checking '/home/parimala/vending_machine_ws/install/vending_machine_interfaces/bin'
[1.606s] Level 1:colcon.colcon_core.environment:checking '/home/parimala/vending_machine_ws/install/vending_machine_interfaces/lib/pkgconfig/vending_machine_interfaces.pc'
[1.606s] Level 1:colcon.colcon_core.environment:checking '/home/parimala/vending_machine_ws/install/vending_machine_interfaces/lib/python3.10/site-packages'
[1.606s] Level 1:colcon.colcon_core.environment:checking '/home/parimala/vending_machine_ws/install/vending_machine_interfaces/bin'
[1.606s] INFO:colcon.colcon_core.shell:Creating package script '/home/parimala/vending_machine_ws/install/vending_machine_interfaces/share/vending_machine_interfaces/package.ps1'
[1.607s] INFO:colcon.colcon_core.shell:Creating package descriptor '/home/parimala/vending_machine_ws/install/vending_machine_interfaces/share/vending_machine_interfaces/package.dsv'
[1.607s] INFO:colcon.colcon_core.shell:Creating package script '/home/parimala/vending_machine_ws/install/vending_machine_interfaces/share/vending_machine_interfaces/package.sh'
[1.607s] INFO:colcon.colcon_core.shell:Creating package script '/home/parimala/vending_machine_ws/install/vending_machine_interfaces/share/vending_machine_interfaces/package.bash'
[1.607s] INFO:colcon.colcon_core.shell:Creating package script '/home/parimala/vending_machine_ws/install/vending_machine_interfaces/share/vending_machine_interfaces/package.zsh'
[1.608s] Level 1:colcon.colcon_core.environment:create_file_with_runtime_dependencies(/home/parimala/vending_machine_ws/install/vending_machine_interfaces/share/colcon-core/packages/vending_machine_interfaces)
[1.608s] INFO:colcon.colcon_ros.task.ament_python.build:Building ROS package in '/home/parimala/vending_machine_ws/src/vending_machine' with build type 'ament_python'
[1.608s] Level 1:colcon.colcon_core.shell:create_environment_hook('vending_machine', 'ament_prefix_path')
[1.608s] INFO:colcon.colcon_core.shell:Creating environment hook '/home/parimala/vending_machine_ws/install/vending_machine/share/vending_machine/hook/ament_prefix_path.ps1'
[1.609s] INFO:colcon.colcon_core.shell:Creating environment descriptor '/home/parimala/vending_machine_ws/install/vending_machine/share/vending_machine/hook/ament_prefix_path.dsv'
[1.609s] INFO:colcon.colcon_core.shell:Creating environment hook '/home/parimala/vending_machine_ws/install/vending_machine/share/vending_machine/hook/ament_prefix_path.sh'
[1.609s] INFO:colcon.colcon_core.shell:Skip shell extension 'powershell' for command environment: Not usable outside of PowerShell
[1.609s] DEBUG:colcon.colcon_core.shell:Skip shell extension 'dsv' for command environment
[1.796s] INFO:colcon.colcon_core.task.python.build:Building Python package in '/home/parimala/vending_machine_ws/src/vending_machine'
[1.796s] INFO:colcon.colcon_core.shell:Skip shell extension 'powershell' for command environment: Not usable outside of PowerShell
[1.796s] DEBUG:colcon.colcon_core.shell:Skip shell extension 'dsv' for command environment
[2.042s] DEBUG:colcon.colcon_core.event_handler.log_command:Invoking command in '/home/parimala/vending_machine_ws/build/vending_machine': AMENT_PREFIX_PATH=/home/parimala/vending_machine_ws/install/vending_machine_interfaces:${AMENT_PREFIX_PATH} CMAKE_PREFIX_PATH=/home/parimala/vending_machine_ws/install/vending_machine_interfaces:${CMAKE_PREFIX_PATH} LD_LIBRARY_PATH=/home/parimala/vending_machine_ws/install/vending_machine_interfaces/lib:${LD_LIBRARY_PATH} PYTHONPATH=/home/parimala/vending_machine_ws/build/vending_machine/prefix_override:/usr/lib/python3/dist-packages/colcon_core/task/python/colcon_distutils_commands:/home/parimala/vending_machine_ws/install/vending_machine/lib/python3.10/site-packages:/home/parimala/vending_machine_ws/install/vending_machine_interfaces/local/lib/python3.10/dist-packages:${PYTHONPATH} /usr/bin/python3 -W ignore:setup.py install is deprecated -W ignore:easy_install command is deprecated setup.py develop --uninstall --editable --build-directory /home/parimala/vending_machine_ws/build/vending_machine/build
[2.340s] DEBUG:colcon.colcon_core.event_handler.log_command:Invoked command in '/home/parimala/vending_machine_ws/build/vending_machine' returned '0': AMENT_PREFIX_PATH=/home/parimala/vending_machine_ws/install/vending_machine_interfaces:${AMENT_PREFIX_PATH} CMAKE_PREFIX_PATH=/home/parimala/vending_machine_ws/install/vending_machine_interfaces:${CMAKE_PREFIX_PATH} LD_LIBRARY_PATH=/home/parimala/vending_machine_ws/install/vending_machine_interfaces/lib:${LD_LIBRARY_PATH} PYTHONPATH=/home/parimala/vending_machine_ws/build/vending_machine/prefix_override:/usr/lib/python3/dist-packages/colcon_core/task/python/colcon_distutils_commands:/home/parimala/vending_machine_ws/install/vending_machine/lib/python3.10/site-packages:/home/parimala/vending_machine_ws/install/vending_machine_interfaces/local/lib/python3.10/dist-packages:${PYTHONPATH} /usr/bin/python3 -W ignore:setup.py install is deprecated -W ignore:easy_install command is deprecated setup.py develop --uninstall --editable --build-directory /home/parimala/vending_machine_ws/build/vending_machine/build
[2.341s] DEBUG:colcon.colcon_core.event_handler.log_command:Invoking command in '/home/parimala/vending_machine_ws/src/vending_machine': AMENT_PREFIX_PATH=/home/parimala/vending_machine_ws/install/vending_machine_interfaces:${AMENT_PREFIX_PATH} CMAKE_PREFIX_PATH=/home/parimala/vending_machine_ws/install/vending_machine_interfaces:${CMAKE_PREFIX_PATH} LD_LIBRARY_PATH=/home/parimala/vending_machine_ws/install/vending_machine_interfaces/lib:${LD_LIBRARY_PATH} PYTHONPATH=/home/parimala/vending_machine_ws/build/vending_machine/prefix_override:/usr/lib/python3/dist-packages/colcon_core/task/python/colcon_distutils_commands:/home/parimala/vending_machine_ws/install/vending_machine/lib/python3.10/site-packages:/home/parimala/vending_machine_ws/install/vending_machine_interfaces/local/lib/python3.10/dist-packages:${PYTHONPATH} /usr/bin/python3 -W ignore:setup.py install is deprecated -W ignore:easy_install command is deprecated setup.py egg_info --egg-base ../../build/vending_machine build --build-base /home/parimala/vending_machine_ws/build/vending_machine/build install --record /home/parimala/vending_machine_ws/build/vending_machine/install.log --single-version-externally-managed install_data --force
[2.553s] Level 1:colcon.colcon_core.environment:checking '/home/parimala/vending_machine_ws/install/vending_machine' for CMake module files
[2.553s] DEBUG:colcon.colcon_core.event_handler.log_command:Invoked command in '/home/parimala/vending_machine_ws/src/vending_machine' returned '0': AMENT_PREFIX_PATH=/home/parimala/vending_machine_ws/install/vending_machine_interfaces:${AMENT_PREFIX_PATH} CMAKE_PREFIX_PATH=/home/parimala/vending_machine_ws/install/vending_machine_interfaces:${CMAKE_PREFIX_PATH} LD_LIBRARY_PATH=/home/parimala/vending_machine_ws/install/vending_machine_interfaces/lib:${LD_LIBRARY_PATH} PYTHONPATH=/home/parimala/vending_machine_ws/build/vending_machine/prefix_override:/usr/lib/python3/dist-packages/colcon_core/task/python/colcon_distutils_commands:/home/parimala/vending_machine_ws/install/vending_machine/lib/python3.10/site-packages:/home/parimala/vending_machine_ws/install/vending_machine_interfaces/local/lib/python3.10/dist-packages:${PYTHONPATH} /usr/bin/python3 -W ignore:setup.py install is deprecated -W ignore:easy_install command is deprecated setup.py egg_info --egg-base ../../build/vending_machine build --build-base /home/parimala/vending_machine_ws/build/vending_machine/build install --record /home/parimala/vending_machine_ws/build/vending_machine/install.log --single-version-externally-managed install_data --force
[2.553s] Level 1:colcon.colcon_core.environment:checking '/home/parimala/vending_machine_ws/install/vending_machine' for CMake config files
[2.553s] Level 1:colcon.colcon_core.environment:checking '/home/parimala/vending_machine_ws/install/vending_machine/lib'
[2.554s] Level 1:colcon.colcon_core.environment:checking '/home/parimala/vending_machine_ws/install/vending_machine/bin'
[2.554s] Level 1:colcon.colcon_core.environment:checking '/home/parimala/vending_machine_ws/install/vending_machine/lib/pkgconfig/vending_machine.pc'
[2.554s] Level 1:colcon.colcon_core.environment:checking '/home/parimala/vending_machine_ws/install/vending_machine/lib/python3.10/site-packages'
[2.554s] Level 1:colcon.colcon_core.shell:create_environment_hook('vending_machine', 'pythonpath')
[2.554s] INFO:colcon.colcon_core.shell:Creating environment hook '/home/parimala/vending_machine_ws/install/vending_machine/share/vending_machine/hook/pythonpath.ps1'
[2.554s] INFO:colcon.colcon_core.shell:Creating environment descriptor '/home/parimala/vending_machine_ws/install/vending_machine/share/vending_machine/hook/pythonpath.dsv'
[2.554s] INFO:colcon.colcon_core.shell:Creating environment hook '/home/parimala/vending_machine_ws/install/vending_machine/share/vending_machine/hook/pythonpath.sh'
[2.555s] Level 1:colcon.colcon_core.environment:checking '/home/parimala/vending_machine_ws/install/vending_machine/bin'
[2.555s] Level 1:colcon.colcon_core.environment:create_environment_scripts_only(vending_machine)
[2.555s] INFO:colcon.colcon_core.shell:Creating package script '/home/parimala/vending_machine_ws/install/vending_machine/share/vending_machine/package.ps1'
[2.555s] INFO:colcon.colcon_core.shell:Creating package descriptor '/home/parimala/vending_machine_ws/install/vending_machine/share/vending_machine/package.dsv'
[2.556s] INFO:colcon.colcon_core.shell:Creating package script '/home/parimala/vending_machine_ws/install/vending_machine/share/vending_machine/package.sh'
[2.556s] INFO:colcon.colcon_core.shell:Creating package script '/home/parimala/vending_machine_ws/install/vending_machine/share/vending_machine/package.bash'
[2.556s] INFO:colcon.colcon_core.shell:Creating package script '/home/parimala/vending_machine_ws/install/vending_machine/share/vending_machine/package.zsh'
[2.556s] Level 1:colcon.colcon_core.environment:create_file_with_runtime_dependencies(/home/parimala/vending_machine_ws/install/vending_machine/share/colcon-core/packages/vending_machine)
[2.556s] DEBUG:colcon.colcon_parallel_executor.executor.parallel:closing loop
[2.557s] DEBUG:colcon.colcon_parallel_executor.executor.parallel:loop closed
[2.557s] DEBUG:colcon.colcon_parallel_executor.executor.parallel:run_until_complete finished with '0'
[2.557s] DEBUG:colcon.colcon_core.event_reactor:joining thread
[2.561s] INFO:colcon.colcon_core.plugin_system:Skipping extension 'colcon_notification.desktop_notification.terminal_notifier': Not used on non-Darwin systems
[2.561s] INFO:colcon.colcon_core.plugin_system:Skipping extension 'colcon_notification.desktop_notification.win32': Not used on non-Windows systems
[2.561s] INFO:colcon.colcon_notification.desktop_notification:Sending desktop notification using 'notify2'
[2.571s] DEBUG:colcon.colcon_core.event_reactor:joined thread
[2.571s] INFO:colcon.colcon_core.shell:Creating prefix script '/home/parimala/vending_machine_ws/install/local_setup.ps1'
[2.572s] INFO:colcon.colcon_core.shell:Creating prefix util module '/home/parimala/vending_machine_ws/install/_local_setup_util_ps1.py'
[2.572s] INFO:colcon.colcon_core.shell:Creating prefix chain script '/home/parimala/vending_machine_ws/install/setup.ps1'
[2.574s] INFO:colcon.colcon_core.shell:Creating prefix script '/home/parimala/vending_machine_ws/install/local_setup.sh'
[2.574s] INFO:colcon.colcon_core.shell:Creating prefix util module '/home/parimala/vending_machine_ws/install/_local_setup_util_sh.py'
[2.574s] INFO:colcon.colcon_core.shell:Creating prefix chain script '/home/parimala/vending_machine_ws/install/setup.sh'
[2.575s] INFO:colcon.colcon_core.shell:Creating prefix script '/home/parimala/vending_machine_ws/install/local_setup.bash'
[2.576s] INFO:colcon.colcon_core.shell:Creating prefix chain script '/home/parimala/vending_machine_ws/install/setup.bash'
[2.577s] INFO:colcon.colcon_core.shell:Creating prefix script '/home/parimala/vending_machine_ws/install/local_setup.zsh'
[2.577s] INFO:colcon.colcon_core.shell:Creating prefix chain script '/home/parimala/vending_machine_ws/install/setup.zsh'
