[0.102s] DEBUG:colcon:Command line arguments: ['/usr/bin/colcon', 'build', '--symlink-install', '--event-handlers', 'console_direct+']
[0.102s] DEBUG:colcon:Parsed command line arguments: Namespace(log_base=None, log_level=None, verb_name='build', build_base='build', install_base='install', merge_install=False, symlink_install=True, test_result_base=None, continue_on_error=False, executor='parallel', parallel_workers=16, event_handlers=['console_direct+'], ignore_user_meta=False, metas=['./colcon.meta'], base_paths=['.'], packages_ignore=None, packages_ignore_regex=None, paths=None, packages_up_to=None, packages_up_to_regex=None, packages_above=None, packages_above_and_dependencies=None, packages_above_depth=None, packages_select_by_dep=None, packages_skip_by_dep=None, packages_skip_up_to=None, packages_select_build_failed=False, packages_skip_build_finished=False, packages_select_test_failures=False, packages_skip_test_passed=False, packages_select=None, packages_skip=None, packages_select_regex=None, packages_skip_regex=None, packages_start=None, packages_end=None, allow_overriding=[], cmake_args=None, cmake_target=None, cmake_target_skip_unavailable=False, cmake_clean_cache=False, cmake_clean_first=False, cmake_force_configure=False, ament_cmake_args=None, catkin_cmake_args=None, catkin_skip_building_tests=False, mixin_files=None, mixin=None, verb_parser=<colcon_mixin.mixin.mixin_argument.MixinArgumentDecorator object at 0x7a44c72858d0>, verb_extension=<colcon_core.verb.build.BuildVerb object at 0x7a44c7213130>, main=<bound method BuildVerb.main of <colcon_core.verb.build.BuildVerb object at 0x7a44c7213130>>, mixin_verb=('build',))
[0.223s] Level 1:colcon.colcon_core.package_discovery:discover_packages(colcon_meta) check parameters
[0.223s] Level 1:colcon.colcon_core.package_discovery:discover_packages(recursive) check parameters
[0.223s] Level 1:colcon.colcon_core.package_discovery:discover_packages(ignore) check parameters
[0.223s] Level 1:colcon.colcon_core.package_discovery:discover_packages(path) check parameters
[0.223s] Level 1:colcon.colcon_core.package_discovery:discover_packages(colcon_meta) discover
[0.223s] Level 1:colcon.colcon_core.package_discovery:discover_packages(recursive) discover
[0.223s] INFO:colcon.colcon_core.package_discovery:Crawling recursively for packages in '/home/parimala/vending_machine_ws'
[0.223s] Level 1:colcon.colcon_core.package_identification:_identify(.) by extensions ['ignore', 'ignore_ament_install']
[0.223s] Level 1:colcon.colcon_core.package_identification:_identify(.) by extension 'ignore'
[0.223s] Level 1:colcon.colcon_core.package_identification:_identify(.) by extension 'ignore_ament_install'
[0.223s] Level 1:colcon.colcon_core.package_identification:_identify(.) by extensions ['colcon_pkg']
[0.223s] Level 1:colcon.colcon_core.package_identification:_identify(.) by extension 'colcon_pkg'
[0.223s] Level 1:colcon.colcon_core.package_identification:_identify(.) by extensions ['colcon_meta']
[0.223s] Level 1:colcon.colcon_core.package_identification:_identify(.) by extension 'colcon_meta'
[0.223s] Level 1:colcon.colcon_core.package_identification:_identify(.) by extensions ['ros']
[0.223s] Level 1:colcon.colcon_core.package_identification:_identify(.) by extension 'ros'
[0.235s] Level 1:colcon.colcon_core.package_identification:_identify(.) by extensions ['cmake', 'python']
[0.235s] Level 1:colcon.colcon_core.package_identification:_identify(.) by extension 'cmake'
[0.235s] Level 1:colcon.colcon_core.package_identification:_identify(.) by extension 'python'
[0.235s] Level 1:colcon.colcon_core.package_identification:_identify(.) by extensions ['python_setup_py']
[0.235s] Level 1:colcon.colcon_core.package_identification:_identify(.) by extension 'python_setup_py'
[0.235s] Level 1:colcon.colcon_core.package_identification:_identify(build) by extensions ['ignore', 'ignore_ament_install']
[0.235s] Level 1:colcon.colcon_core.package_identification:_identify(build) by extension 'ignore'
[0.235s] Level 1:colcon.colcon_core.package_identification:_identify(build) ignored
[0.235s] Level 1:colcon.colcon_core.package_identification:_identify(install) by extensions ['ignore', 'ignore_ament_install']
[0.235s] Level 1:colcon.colcon_core.package_identification:_identify(install) by extension 'ignore'
[0.235s] Level 1:colcon.colcon_core.package_identification:_identify(install) ignored
[0.235s] Level 1:colcon.colcon_core.package_identification:_identify(log) by extensions ['ignore', 'ignore_ament_install']
[0.235s] Level 1:colcon.colcon_core.package_identification:_identify(log) by extension 'ignore'
[0.236s] Level 1:colcon.colcon_core.package_identification:_identify(log) ignored
[0.236s] Level 1:colcon.colcon_core.package_identification:_identify(src) by extensions ['ignore', 'ignore_ament_install']
[0.236s] Level 1:colcon.colcon_core.package_identification:_identify(src) by extension 'ignore'
[0.236s] Level 1:colcon.colcon_core.package_identification:_identify(src) by extension 'ignore_ament_install'
[0.236s] Level 1:colcon.colcon_core.package_identification:_identify(src) by extensions ['colcon_pkg']
[0.236s] Level 1:colcon.colcon_core.package_identification:_identify(src) by extension 'colcon_pkg'
[0.236s] Level 1:colcon.colcon_core.package_identification:_identify(src) by extensions ['colcon_meta']
[0.236s] Level 1:colcon.colcon_core.package_identification:_identify(src) by extension 'colcon_meta'
[0.236s] Level 1:colcon.colcon_core.package_identification:_identify(src) by extensions ['ros']
[0.236s] Level 1:colcon.colcon_core.package_identification:_identify(src) by extension 'ros'
[0.236s] Level 1:colcon.colcon_core.package_identification:_identify(src) by extensions ['cmake', 'python']
[0.236s] Level 1:colcon.colcon_core.package_identification:_identify(src) by extension 'cmake'
[0.236s] Level 1:colcon.colcon_core.package_identification:_identify(src) by extension 'python'
[0.236s] Level 1:colcon.colcon_core.package_identification:_identify(src) by extensions ['python_setup_py']
[0.236s] Level 1:colcon.colcon_core.package_identification:_identify(src) by extension 'python_setup_py'
[0.236s] Level 1:colcon.colcon_core.package_identification:_identify(src/vending_machine) by extensions ['ignore', 'ignore_ament_install']
[0.236s] Level 1:colcon.colcon_core.package_identification:_identify(src/vending_machine) by extension 'ignore'
[0.236s] Level 1:colcon.colcon_core.package_identification:_identify(src/vending_machine) by extension 'ignore_ament_install'
[0.236s] Level 1:colcon.colcon_core.package_identification:_identify(src/vending_machine) by extensions ['colcon_pkg']
[0.236s] Level 1:colcon.colcon_core.package_identification:_identify(src/vending_machine) by extension 'colcon_pkg'
[0.236s] Level 1:colcon.colcon_core.package_identification:_identify(src/vending_machine) by extensions ['colcon_meta']
[0.236s] Level 1:colcon.colcon_core.package_identification:_identify(src/vending_machine) by extension 'colcon_meta'
[0.236s] Level 1:colcon.colcon_core.package_identification:_identify(src/vending_machine) by extensions ['ros']
[0.236s] Level 1:colcon.colcon_core.package_identification:_identify(src/vending_machine) by extension 'ros'
[0.238s] DEBUG:colcon.colcon_core.package_identification:Package 'src/vending_machine' with type 'ros.ament_python' and name 'vending_machine'
[0.238s] Level 1:colcon.colcon_core.package_identification:_identify(src/vending_machine_interfaces) by extensions ['ignore', 'ignore_ament_install']
[0.238s] Level 1:colcon.colcon_core.package_identification:_identify(src/vending_machine_interfaces) by extension 'ignore'
[0.238s] Level 1:colcon.colcon_core.package_identification:_identify(src/vending_machine_interfaces) by extension 'ignore_ament_install'
[0.238s] Level 1:colcon.colcon_core.package_identification:_identify(src/vending_machine_interfaces) by extensions ['colcon_pkg']
[0.238s] Level 1:colcon.colcon_core.package_identification:_identify(src/vending_machine_interfaces) by extension 'colcon_pkg'
[0.238s] Level 1:colcon.colcon_core.package_identification:_identify(src/vending_machine_interfaces) by extensions ['colcon_meta']
[0.238s] Level 1:colcon.colcon_core.package_identification:_identify(src/vending_machine_interfaces) by extension 'colcon_meta'
[0.238s] Level 1:colcon.colcon_core.package_identification:_identify(src/vending_machine_interfaces) by extensions ['ros']
[0.238s] Level 1:colcon.colcon_core.package_identification:_identify(src/vending_machine_interfaces) by extension 'ros'
[0.238s] DEBUG:colcon.colcon_core.package_identification:Package 'src/vending_machine_interfaces' with type 'ros.ament_cmake' and name 'vending_machine_interfaces'
[0.238s] Level 1:colcon.colcon_core.package_discovery:discover_packages(recursive) using defaults
[0.238s] Level 1:colcon.colcon_core.package_discovery:discover_packages(ignore) discover
[0.238s] Level 1:colcon.colcon_core.package_discovery:discover_packages(ignore) using defaults
[0.238s] Level 1:colcon.colcon_core.package_discovery:discover_packages(path) discover
[0.238s] Level 1:colcon.colcon_core.package_discovery:discover_packages(path) using defaults
[0.252s] Level 1:colcon.colcon_core.package_discovery:discover_packages(prefix_path) check parameters
[0.252s] Level 1:colcon.colcon_core.package_discovery:discover_packages(prefix_path) discover
[0.254s] DEBUG:colcon.colcon_installed_package_information.package_discovery:Found 23 installed packages in /home/parimala/ros2_ws/install
[0.255s] DEBUG:colcon.colcon_installed_package_information.package_discovery:Found 273 installed packages in /opt/ros/humble
[0.257s] Level 1:colcon.colcon_core.package_discovery:discover_packages(prefix_path) using defaults
[0.279s] Level 5:colcon.colcon_core.verb:set package 'vending_machine_interfaces' build argument 'cmake_args' from command line to 'None'
[0.279s] Level 5:colcon.colcon_core.verb:set package 'vending_machine_interfaces' build argument 'cmake_target' from command line to 'None'
[0.279s] Level 5:colcon.colcon_core.verb:set package 'vending_machine_interfaces' build argument 'cmake_target_skip_unavailable' from command line to 'False'
[0.279s] Level 5:colcon.colcon_core.verb:set package 'vending_machine_interfaces' build argument 'cmake_clean_cache' from command line to 'False'
[0.279s] Level 5:colcon.colcon_core.verb:set package 'vending_machine_interfaces' build argument 'cmake_clean_first' from command line to 'False'
[0.279s] Level 5:colcon.colcon_core.verb:set package 'vending_machine_interfaces' build argument 'cmake_force_configure' from command line to 'False'
[0.279s] Level 5:colcon.colcon_core.verb:set package 'vending_machine_interfaces' build argument 'ament_cmake_args' from command line to 'None'
[0.279s] Level 5:colcon.colcon_core.verb:set package 'vending_machine_interfaces' build argument 'catkin_cmake_args' from command line to 'None'
[0.279s] Level 5:colcon.colcon_core.verb:set package 'vending_machine_interfaces' build argument 'catkin_skip_building_tests' from command line to 'False'
[0.279s] DEBUG:colcon.colcon_core.verb:Building package 'vending_machine_interfaces' with the following arguments: {'ament_cmake_args': None, 'build_base': '/home/parimala/vending_machine_ws/build/vending_machine_interfaces', 'catkin_cmake_args': None, 'catkin_skip_building_tests': False, 'cmake_args': None, 'cmake_clean_cache': False, 'cmake_clean_first': False, 'cmake_force_configure': False, 'cmake_target': None, 'cmake_target_skip_unavailable': False, 'install_base': '/home/parimala/vending_machine_ws/install/vending_machine_interfaces', 'merge_install': False, 'path': '/home/parimala/vending_machine_ws/src/vending_machine_interfaces', 'symlink_install': True, 'test_result_base': None}
[0.279s] Level 5:colcon.colcon_core.verb:set package 'vending_machine' build argument 'cmake_args' from command line to 'None'
[0.279s] Level 5:colcon.colcon_core.verb:set package 'vending_machine' build argument 'cmake_target' from command line to 'None'
[0.279s] Level 5:colcon.colcon_core.verb:set package 'vending_machine' build argument 'cmake_target_skip_unavailable' from command line to 'False'
[0.279s] Level 5:colcon.colcon_core.verb:set package 'vending_machine' build argument 'cmake_clean_cache' from command line to 'False'
[0.279s] Level 5:colcon.colcon_core.verb:set package 'vending_machine' build argument 'cmake_clean_first' from command line to 'False'
[0.279s] Level 5:colcon.colcon_core.verb:set package 'vending_machine' build argument 'cmake_force_configure' from command line to 'False'
[0.279s] Level 5:colcon.colcon_core.verb:set package 'vending_machine' build argument 'ament_cmake_args' from command line to 'None'
[0.279s] Level 5:colcon.colcon_core.verb:set package 'vending_machine' build argument 'catkin_cmake_args' from command line to 'None'
[0.279s] Level 5:colcon.colcon_core.verb:set package 'vending_machine' build argument 'catkin_skip_building_tests' from command line to 'False'
[0.279s] DEBUG:colcon.colcon_core.verb:Building package 'vending_machine' with the following arguments: {'ament_cmake_args': None, 'build_base': '/home/parimala/vending_machine_ws/build/vending_machine', 'catkin_cmake_args': None, 'catkin_skip_building_tests': False, 'cmake_args': None, 'cmake_clean_cache': False, 'cmake_clean_first': False, 'cmake_force_configure': False, 'cmake_target': None, 'cmake_target_skip_unavailable': False, 'install_base': '/home/parimala/vending_machine_ws/install/vending_machine', 'merge_install': False, 'path': '/home/parimala/vending_machine_ws/src/vending_machine', 'symlink_install': True, 'test_result_base': None}
[0.279s] INFO:colcon.colcon_core.executor:Executing jobs using 'parallel' executor
[0.280s] DEBUG:colcon.colcon_parallel_executor.executor.parallel:run_until_complete
[0.280s] INFO:colcon.colcon_ros.task.ament_cmake.build:Building ROS package in '/home/parimala/vending_machine_ws/src/vending_machine_interfaces' with build type 'ament_cmake'
[0.280s] INFO:colcon.colcon_cmake.task.cmake.build:Building CMake package in '/home/parimala/vending_machine_ws/src/vending_machine_interfaces'
[0.282s] INFO:colcon.colcon_core.plugin_system:Skipping extension 'colcon_core.shell.bat': Not used on non-Windows systems
[0.282s] INFO:colcon.colcon_core.shell:Skip shell extension 'powershell' for command environment: Not usable outside of PowerShell
[0.282s] DEBUG:colcon.colcon_core.shell:Skip shell extension 'dsv' for command environment
[0.291s] DEBUG:colcon.colcon_core.event_handler.log_command:Invoking command in '/home/parimala/vending_machine_ws/build/vending_machine_interfaces': CMAKE_PREFIX_PATH=${CMAKE_PREFIX_PATH}:/home/parimala/ros2_ws/install/launch_testing_examples:/home/parimala/ros2_ws/install/examples_rclpy_pointcloud_publisher:/home/parimala/ros2_ws/install/examples_rclpy_minimal_subscriber:/home/parimala/ros2_ws/install/examples_rclpy_minimal_service:/home/parimala/ros2_ws/install/examples_rclpy_minimal_publisher:/home/parimala/ros2_ws/install/examples_rclpy_minimal_client:/home/parimala/ros2_ws/install/examples_rclpy_minimal_action_server:/home/parimala/ros2_ws/install/examples_rclpy_minimal_action_client:/home/parimala/ros2_ws/install/examples_rclpy_guard_conditions:/home/parimala/ros2_ws/install/examples_rclpy_executors:/home/parimala/ros2_ws/install/even_odd_numbers:/opt/ros/humble /usr/bin/cmake --build /home/parimala/vending_machine_ws/build/vending_machine_interfaces -- -j16 -l16
[0.680s] DEBUG:colcon.colcon_core.event_handler.log_command:Invoked command in '/home/parimala/vending_machine_ws/build/vending_machine_interfaces' returned '0': CMAKE_PREFIX_PATH=${CMAKE_PREFIX_PATH}:/home/parimala/ros2_ws/install/launch_testing_examples:/home/parimala/ros2_ws/install/examples_rclpy_pointcloud_publisher:/home/parimala/ros2_ws/install/examples_rclpy_minimal_subscriber:/home/parimala/ros2_ws/install/examples_rclpy_minimal_service:/home/parimala/ros2_ws/install/examples_rclpy_minimal_publisher:/home/parimala/ros2_ws/install/examples_rclpy_minimal_client:/home/parimala/ros2_ws/install/examples_rclpy_minimal_action_server:/home/parimala/ros2_ws/install/examples_rclpy_minimal_action_client:/home/parimala/ros2_ws/install/examples_rclpy_guard_conditions:/home/parimala/ros2_ws/install/examples_rclpy_executors:/home/parimala/ros2_ws/install/even_odd_numbers:/opt/ros/humble /usr/bin/cmake --build /home/parimala/vending_machine_ws/build/vending_machine_interfaces -- -j16 -l16
[0.687s] DEBUG:colcon.colcon_core.event_handler.log_command:Invoking command in '/home/parimala/vending_machine_ws/build/vending_machine_interfaces': CMAKE_PREFIX_PATH=${CMAKE_PREFIX_PATH}:/home/parimala/ros2_ws/install/launch_testing_examples:/home/parimala/ros2_ws/install/examples_rclpy_pointcloud_publisher:/home/parimala/ros2_ws/install/examples_rclpy_minimal_subscriber:/home/parimala/ros2_ws/install/examples_rclpy_minimal_service:/home/parimala/ros2_ws/install/examples_rclpy_minimal_publisher:/home/parimala/ros2_ws/install/examples_rclpy_minimal_client:/home/parimala/ros2_ws/install/examples_rclpy_minimal_action_server:/home/parimala/ros2_ws/install/examples_rclpy_minimal_action_client:/home/parimala/ros2_ws/install/examples_rclpy_guard_conditions:/home/parimala/ros2_ws/install/examples_rclpy_executors:/home/parimala/ros2_ws/install/even_odd_numbers:/opt/ros/humble /usr/bin/cmake --install /home/parimala/vending_machine_ws/build/vending_machine_interfaces
[0.782s] Level 1:colcon.colcon_core.environment:create_environment_scripts_only(vending_machine_interfaces)
[0.785s] Level 1:colcon.colcon_core.environment:checking '/home/parimala/vending_machine_ws/install/vending_machine_interfaces' for CMake module files
[0.785s] DEBUG:colcon.colcon_core.event_handler.log_command:Invoked command in '/home/parimala/vending_machine_ws/build/vending_machine_interfaces' returned '0': CMAKE_PREFIX_PATH=${CMAKE_PREFIX_PATH}:/home/parimala/ros2_ws/install/launch_testing_examples:/home/parimala/ros2_ws/install/examples_rclpy_pointcloud_publisher:/home/parimala/ros2_ws/install/examples_rclpy_minimal_subscriber:/home/parimala/ros2_ws/install/examples_rclpy_minimal_service:/home/parimala/ros2_ws/install/examples_rclpy_minimal_publisher:/home/parimala/ros2_ws/install/examples_rclpy_minimal_client:/home/parimala/ros2_ws/install/examples_rclpy_minimal_action_server:/home/parimala/ros2_ws/install/examples_rclpy_minimal_action_client:/home/parimala/ros2_ws/install/examples_rclpy_guard_conditions:/home/parimala/ros2_ws/install/examples_rclpy_executors:/home/parimala/ros2_ws/install/even_odd_numbers:/opt/ros/humble /usr/bin/cmake --install /home/parimala/vending_machine_ws/build/vending_machine_interfaces
[0.786s] Level 1:colcon.colcon_core.environment:checking '/home/parimala/vending_machine_ws/install/vending_machine_interfaces' for CMake config files
[0.787s] Level 1:colcon.colcon_core.shell:create_environment_hook('vending_machine_interfaces', 'cmake_prefix_path')
[0.788s] INFO:colcon.colcon_core.shell:Creating environment hook '/home/parimala/vending_machine_ws/install/vending_machine_interfaces/share/vending_machine_interfaces/hook/cmake_prefix_path.ps1'
[0.788s] INFO:colcon.colcon_core.shell:Creating environment descriptor '/home/parimala/vending_machine_ws/install/vending_machine_interfaces/share/vending_machine_interfaces/hook/cmake_prefix_path.dsv'
[0.789s] INFO:colcon.colcon_core.shell:Creating environment hook '/home/parimala/vending_machine_ws/install/vending_machine_interfaces/share/vending_machine_interfaces/hook/cmake_prefix_path.sh'
[0.790s] Level 1:colcon.colcon_core.environment:checking '/home/parimala/vending_machine_ws/install/vending_machine_interfaces/lib'
[0.790s] Level 1:colcon.colcon_core.shell:create_environment_hook('vending_machine_interfaces', 'ld_library_path_lib')
[0.790s] INFO:colcon.colcon_core.shell:Creating environment hook '/home/parimala/vending_machine_ws/install/vending_machine_interfaces/share/vending_machine_interfaces/hook/ld_library_path_lib.ps1'
[0.790s] INFO:colcon.colcon_core.shell:Creating environment descriptor '/home/parimala/vending_machine_ws/install/vending_machine_interfaces/share/vending_machine_interfaces/hook/ld_library_path_lib.dsv'
[0.791s] INFO:colcon.colcon_core.shell:Creating environment hook '/home/parimala/vending_machine_ws/install/vending_machine_interfaces/share/vending_machine_interfaces/hook/ld_library_path_lib.sh'
[0.791s] Level 1:colcon.colcon_core.environment:checking '/home/parimala/vending_machine_ws/install/vending_machine_interfaces/bin'
[0.791s] Level 1:colcon.colcon_core.environment:checking '/home/parimala/vending_machine_ws/install/vending_machine_interfaces/lib/pkgconfig/vending_machine_interfaces.pc'
[0.791s] Level 1:colcon.colcon_core.environment:checking '/home/parimala/vending_machine_ws/install/vending_machine_interfaces/lib/python3.10/site-packages'
[0.792s] Level 1:colcon.colcon_core.environment:checking '/home/parimala/vending_machine_ws/install/vending_machine_interfaces/bin'
[0.792s] INFO:colcon.colcon_core.shell:Creating package script '/home/parimala/vending_machine_ws/install/vending_machine_interfaces/share/vending_machine_interfaces/package.ps1'
[0.793s] INFO:colcon.colcon_core.shell:Creating package descriptor '/home/parimala/vending_machine_ws/install/vending_machine_interfaces/share/vending_machine_interfaces/package.dsv'
[0.794s] INFO:colcon.colcon_core.shell:Creating package script '/home/parimala/vending_machine_ws/install/vending_machine_interfaces/share/vending_machine_interfaces/package.sh'
[0.794s] INFO:colcon.colcon_core.shell:Creating package script '/home/parimala/vending_machine_ws/install/vending_machine_interfaces/share/vending_machine_interfaces/package.bash'
[0.795s] INFO:colcon.colcon_core.shell:Creating package script '/home/parimala/vending_machine_ws/install/vending_machine_interfaces/share/vending_machine_interfaces/package.zsh'
[0.796s] Level 1:colcon.colcon_core.environment:create_file_with_runtime_dependencies(/home/parimala/vending_machine_ws/install/vending_machine_interfaces/share/colcon-core/packages/vending_machine_interfaces)
[0.796s] Level 1:colcon.colcon_core.environment:create_environment_scripts_only(vending_machine_interfaces)
[0.797s] Level 1:colcon.colcon_core.environment:checking '/home/parimala/vending_machine_ws/install/vending_machine_interfaces' for CMake module files
[0.797s] Level 1:colcon.colcon_core.environment:checking '/home/parimala/vending_machine_ws/install/vending_machine_interfaces' for CMake config files
[0.798s] Level 1:colcon.colcon_core.shell:create_environment_hook('vending_machine_interfaces', 'cmake_prefix_path')
[0.798s] INFO:colcon.colcon_core.shell:Creating environment hook '/home/parimala/vending_machine_ws/install/vending_machine_interfaces/share/vending_machine_interfaces/hook/cmake_prefix_path.ps1'
[0.798s] INFO:colcon.colcon_core.shell:Creating environment descriptor '/home/parimala/vending_machine_ws/install/vending_machine_interfaces/share/vending_machine_interfaces/hook/cmake_prefix_path.dsv'
[0.799s] INFO:colcon.colcon_core.shell:Creating environment hook '/home/parimala/vending_machine_ws/install/vending_machine_interfaces/share/vending_machine_interfaces/hook/cmake_prefix_path.sh'
[0.799s] Level 1:colcon.colcon_core.environment:checking '/home/parimala/vending_machine_ws/install/vending_machine_interfaces/lib'
[0.799s] Level 1:colcon.colcon_core.shell:create_environment_hook('vending_machine_interfaces', 'ld_library_path_lib')
[0.799s] INFO:colcon.colcon_core.shell:Creating environment hook '/home/parimala/vending_machine_ws/install/vending_machine_interfaces/share/vending_machine_interfaces/hook/ld_library_path_lib.ps1'
[0.799s] INFO:colcon.colcon_core.shell:Creating environment descriptor '/home/parimala/vending_machine_ws/install/vending_machine_interfaces/share/vending_machine_interfaces/hook/ld_library_path_lib.dsv'
[0.800s] INFO:colcon.colcon_core.shell:Creating environment hook '/home/parimala/vending_machine_ws/install/vending_machine_interfaces/share/vending_machine_interfaces/hook/ld_library_path_lib.sh'
[0.800s] Level 1:colcon.colcon_core.environment:checking '/home/parimala/vending_machine_ws/install/vending_machine_interfaces/bin'
[0.800s] Level 1:colcon.colcon_core.environment:checking '/home/parimala/vending_machine_ws/install/vending_machine_interfaces/lib/pkgconfig/vending_machine_interfaces.pc'
[0.800s] Level 1:colcon.colcon_core.environment:checking '/home/parimala/vending_machine_ws/install/vending_machine_interfaces/lib/python3.10/site-packages'
[0.801s] Level 1:colcon.colcon_core.environment:checking '/home/parimala/vending_machine_ws/install/vending_machine_interfaces/bin'
[0.801s] INFO:colcon.colcon_core.shell:Creating package script '/home/parimala/vending_machine_ws/install/vending_machine_interfaces/share/vending_machine_interfaces/package.ps1'
[0.802s] INFO:colcon.colcon_core.shell:Creating package descriptor '/home/parimala/vending_machine_ws/install/vending_machine_interfaces/share/vending_machine_interfaces/package.dsv'
[0.802s] INFO:colcon.colcon_core.shell:Creating package script '/home/parimala/vending_machine_ws/install/vending_machine_interfaces/share/vending_machine_interfaces/package.sh'
[0.803s] INFO:colcon.colcon_core.shell:Creating package script '/home/parimala/vending_machine_ws/install/vending_machine_interfaces/share/vending_machine_interfaces/package.bash'
[0.803s] INFO:colcon.colcon_core.shell:Creating package script '/home/parimala/vending_machine_ws/install/vending_machine_interfaces/share/vending_machine_interfaces/package.zsh'
[0.803s] Level 1:colcon.colcon_core.environment:create_file_with_runtime_dependencies(/home/parimala/vending_machine_ws/install/vending_machine_interfaces/share/colcon-core/packages/vending_machine_interfaces)
[0.803s] INFO:colcon.colcon_ros.task.ament_python.build:Building ROS package in '/home/parimala/vending_machine_ws/src/vending_machine' with build type 'ament_python'
[0.803s] Level 1:colcon.colcon_core.shell:create_environment_hook('vending_machine', 'ament_prefix_path')
[0.804s] INFO:colcon.colcon_core.shell:Creating environment hook '/home/parimala/vending_machine_ws/install/vending_machine/share/vending_machine/hook/ament_prefix_path.ps1'
[0.804s] INFO:colcon.colcon_core.shell:Creating environment descriptor '/home/parimala/vending_machine_ws/install/vending_machine/share/vending_machine/hook/ament_prefix_path.dsv'
[0.805s] INFO:colcon.colcon_core.shell:Creating environment hook '/home/parimala/vending_machine_ws/install/vending_machine/share/vending_machine/hook/ament_prefix_path.sh'
[0.806s] INFO:colcon.colcon_core.shell:Skip shell extension 'powershell' for command environment: Not usable outside of PowerShell
[0.806s] DEBUG:colcon.colcon_core.shell:Skip shell extension 'dsv' for command environment
[1.058s] DEBUG:colcon.colcon_parallel_executor.executor.parallel:closing loop
[1.058s] DEBUG:colcon.colcon_parallel_executor.executor.parallel:loop closed
[1.058s] DEBUG:colcon.colcon_parallel_executor.executor.parallel:run_until_complete finished with 'Command '['/usr/bin/python3', '-c', 'import sys;from contextlib import suppress;exec("with suppress(ImportError):    from setuptools.extern.packaging.specifiers    import SpecifierSet");exec("with suppress(ImportError):    from packaging.specifiers import SpecifierSet");from distutils.core import run_setup;dist = run_setup(    \'setup.py\', script_args=(\'--dry-run\',), stop_after=\'config\');skip_keys = (\'cmdclass\', \'distclass\', \'ext_modules\', \'metadata\');data = {    key: value for key, value in dist.__dict__.items()     if (        not key.startswith(\'_\') and         not callable(value) and         key not in skip_keys and         key not in dist.display_option_names    )};data[\'metadata\'] = {    k: v for k, v in dist.metadata.__dict__.items()     if k not in (\'license_files\', \'provides_extras\')};sys.stdout.buffer.write(repr(data).encode(\'utf-8\'))']' returned non-zero exit status 1.'
[1.058s] DEBUG:colcon.colcon_core.event_reactor:joining thread
[1.069s] INFO:colcon.colcon_core.plugin_system:Skipping extension 'colcon_notification.desktop_notification.terminal_notifier': Not used on non-Darwin systems
[1.069s] INFO:colcon.colcon_core.plugin_system:Skipping extension 'colcon_notification.desktop_notification.win32': Not used on non-Windows systems
[1.069s] INFO:colcon.colcon_notification.desktop_notification:Sending desktop notification using 'notify2'
[1.084s] DEBUG:colcon.colcon_core.event_reactor:joined thread
[1.084s] INFO:colcon.colcon_core.shell:Creating prefix script '/home/parimala/vending_machine_ws/install/local_setup.ps1'
[1.086s] INFO:colcon.colcon_core.shell:Creating prefix util module '/home/parimala/vending_machine_ws/install/_local_setup_util_ps1.py'
[1.088s] INFO:colcon.colcon_core.shell:Creating prefix chain script '/home/parimala/vending_machine_ws/install/setup.ps1'
[1.090s] INFO:colcon.colcon_core.shell:Creating prefix script '/home/parimala/vending_machine_ws/install/local_setup.sh'
[1.091s] INFO:colcon.colcon_core.shell:Creating prefix util module '/home/parimala/vending_machine_ws/install/_local_setup_util_sh.py'
[1.091s] INFO:colcon.colcon_core.shell:Creating prefix chain script '/home/parimala/vending_machine_ws/install/setup.sh'
[1.093s] INFO:colcon.colcon_core.shell:Creating prefix script '/home/parimala/vending_machine_ws/install/local_setup.bash'
[1.093s] INFO:colcon.colcon_core.shell:Creating prefix chain script '/home/parimala/vending_machine_ws/install/setup.bash'
[1.094s] INFO:colcon.colcon_core.shell:Creating prefix script '/home/parimala/vending_machine_ws/install/local_setup.zsh'
[1.094s] INFO:colcon.colcon_core.shell:Creating prefix chain script '/home/parimala/vending_machine_ws/install/setup.zsh'
