[0.010s] Invoking command in '/home/parimala/vending_machine_ws/build/vending_machine_interfaces': CMAKE_PREFIX_PATH=${CMAKE_PREFIX_PATH}:/home/parimala/ros2_ws/install/launch_testing_examples:/home/parimala/ros2_ws/install/examples_rclpy_pointcloud_publisher:/home/parimala/ros2_ws/install/examples_rclpy_minimal_subscriber:/home/parimala/ros2_ws/install/examples_rclpy_minimal_service:/home/parimala/ros2_ws/install/examples_rclpy_minimal_publisher:/home/parimala/ros2_ws/install/examples_rclpy_minimal_client:/home/parimala/ros2_ws/install/examples_rclpy_minimal_action_server:/home/parimala/ros2_ws/install/examples_rclpy_minimal_action_client:/home/parimala/ros2_ws/install/examples_rclpy_guard_conditions:/home/parimala/ros2_ws/install/examples_rclpy_executors:/home/parimala/ros2_ws/install/even_odd_numbers:/opt/ros/humble /usr/bin/cmake --build /home/parimala/vending_machine_ws/build/vending_machine_interfaces -- -j16 -l16
[0.055s] [35m[1mConsolidate compiler generated dependencies of target vending_machine_interfaces__rosidl_generator_c[0m
[0.065s] [  3%] Built target vending_machine_interfaces__rs
[0.065s] [ 12%] Built target vending_machine_interfaces__rosidl_generator_c
[0.069s] [ 15%] Built target vending_machine_interfaces__cpp
[0.069s] [ 15%] Built target ament_cmake_python_symlink_vending_machine_interfaces
[0.076s] [35m[1mConsolidate compiler generated dependencies of target vending_machine_interfaces__rosidl_typesupport_introspection_c[0m
[0.076s] [35m[1mConsolidate compiler generated dependencies of target vending_machine_interfaces__rosidl_typesupport_c[0m
[0.081s] [35m[1mConsolidate compiler generated dependencies of target vending_machine_interfaces__rosidl_typesupport_introspection_cpp[0m
[0.082s] [35m[1mConsolidate compiler generated dependencies of target vending_machine_interfaces__rosidl_typesupport_fastrtps_cpp[0m
[0.083s] [35m[1mConsolidate compiler generated dependencies of target vending_machine_interfaces__rosidl_typesupport_fastrtps_c[0m
[0.083s] [35m[1mConsolidate compiler generated dependencies of target vending_machine_interfaces__rosidl_typesupport_cpp[0m
[0.088s] [ 25%] Built target vending_machine_interfaces__rosidl_typesupport_c
[0.089s] [ 34%] Built target vending_machine_interfaces__rosidl_typesupport_introspection_c
[0.093s] [ 43%] Built target vending_machine_interfaces__rosidl_typesupport_introspection_cpp
[0.095s] [ 53%] Built target vending_machine_interfaces__rosidl_typesupport_fastrtps_cpp
[0.095s] [ 62%] Built target vending_machine_interfaces__rosidl_typesupport_cpp
[0.098s] [ 71%] Built target vending_machine_interfaces__rosidl_typesupport_fastrtps_c
[0.117s] [ 71%] Built target vending_machine_interfaces
[0.135s] [ 75%] Built target vending_machine_interfaces__py
[0.146s] [35m[1mConsolidate compiler generated dependencies of target vending_machine_interfaces__rosidl_generator_py[0m
[0.156s] [ 81%] Built target vending_machine_interfaces__rosidl_generator_py
[0.163s] [35m[1mConsolidate compiler generated dependencies of target vending_machine_interfaces__rosidl_typesupport_fastrtps_c__pyext[0m
[0.165s] [35m[1mConsolidate compiler generated dependencies of target vending_machine_interfaces__rosidl_typesupport_introspection_c__pyext[0m
[0.165s] [35m[1mConsolidate compiler generated dependencies of target vending_machine_interfaces__rosidl_typesupport_c__pyext[0m
[0.173s] [ 87%] Built target vending_machine_interfaces__rosidl_typesupport_fastrtps_c__pyext
[0.174s] [ 93%] Built target vending_machine_interfaces__rosidl_typesupport_introspection_c__pyext
[0.178s] [100%] Built target vending_machine_interfaces__rosidl_typesupport_c__pyext
[0.266s] running egg_info
[0.266s] writing vending_machine_interfaces.egg-info/PKG-INFO
[0.266s] writing dependency_links to vending_machine_interfaces.egg-info/dependency_links.txt
[0.266s] writing top-level names to vending_machine_interfaces.egg-info/top_level.txt
[0.268s] reading manifest file 'vending_machine_interfaces.egg-info/SOURCES.txt'
[0.268s] writing manifest file 'vending_machine_interfaces.egg-info/SOURCES.txt'
[0.288s] [100%] Built target ament_cmake_python_build_vending_machine_interfaces_egg
[0.300s] Invoked command in '/home/parimala/vending_machine_ws/build/vending_machine_interfaces' returned '0': CMAKE_PREFIX_PATH=${CMAKE_PREFIX_PATH}:/home/parimala/ros2_ws/install/launch_testing_examples:/home/parimala/ros2_ws/install/examples_rclpy_pointcloud_publisher:/home/parimala/ros2_ws/install/examples_rclpy_minimal_subscriber:/home/parimala/ros2_ws/install/examples_rclpy_minimal_service:/home/parimala/ros2_ws/install/examples_rclpy_minimal_publisher:/home/parimala/ros2_ws/install/examples_rclpy_minimal_client:/home/parimala/ros2_ws/install/examples_rclpy_minimal_action_server:/home/parimala/ros2_ws/install/examples_rclpy_minimal_action_client:/home/parimala/ros2_ws/install/examples_rclpy_guard_conditions:/home/parimala/ros2_ws/install/examples_rclpy_executors:/home/parimala/ros2_ws/install/even_odd_numbers:/opt/ros/humble /usr/bin/cmake --build /home/parimala/vending_machine_ws/build/vending_machine_interfaces -- -j16 -l16
[0.318s] Invoking command in '/home/parimala/vending_machine_ws/build/vending_machine_interfaces': CMAKE_PREFIX_PATH=${CMAKE_PREFIX_PATH}:/home/parimala/ros2_ws/install/launch_testing_examples:/home/parimala/ros2_ws/install/examples_rclpy_pointcloud_publisher:/home/parimala/ros2_ws/install/examples_rclpy_minimal_subscriber:/home/parimala/ros2_ws/install/examples_rclpy_minimal_service:/home/parimala/ros2_ws/install/examples_rclpy_minimal_publisher:/home/parimala/ros2_ws/install/examples_rclpy_minimal_client:/home/parimala/ros2_ws/install/examples_rclpy_minimal_action_server:/home/parimala/ros2_ws/install/examples_rclpy_minimal_action_client:/home/parimala/ros2_ws/install/examples_rclpy_guard_conditions:/home/parimala/ros2_ws/install/examples_rclpy_executors:/home/parimala/ros2_ws/install/even_odd_numbers:/opt/ros/humble /usr/bin/cmake --install /home/parimala/vending_machine_ws/build/vending_machine_interfaces
[0.333s] -- Install configuration: ""
[0.334s] -- Execute custom install script
[0.335s] -- Up-to-date symlink: /home/parimala/vending_machine_ws/install/vending_machine_interfaces/share/ament_index/resource_index/rosidl_interfaces/vending_machine_interfaces
[0.336s] -- Up-to-date symlink: /home/parimala/vending_machine_ws/install/vending_machine_interfaces/include/vending_machine_interfaces/vending_machine_interfaces/msg/rosidl_generator_c__visibility_control.h
[0.336s] -- Up-to-date symlink: /home/parimala/vending_machine_ws/install/vending_machine_interfaces/include/vending_machine_interfaces/vending_machine_interfaces/srv/detail/vending_machine__functions.h
[0.337s] -- Up-to-date symlink: /home/parimala/vending_machine_ws/install/vending_machine_interfaces/include/vending_machine_interfaces/vending_machine_interfaces/srv/detail/vending_machine__struct.h
[0.337s] -- Up-to-date symlink: /home/parimala/vending_machine_ws/install/vending_machine_interfaces/include/vending_machine_interfaces/vending_machine_interfaces/srv/detail/vending_machine__type_support.h
[0.337s] -- Up-to-date symlink: /home/parimala/vending_machine_ws/install/vending_machine_interfaces/include/vending_machine_interfaces/vending_machine_interfaces/srv/vending_machine.h
[0.338s] -- Up-to-date symlink: /home/parimala/vending_machine_ws/install/vending_machine_interfaces/share/vending_machine_interfaces/environment/library_path.sh
[0.338s] -- Up-to-date symlink: /home/parimala/vending_machine_ws/install/vending_machine_interfaces/share/vending_machine_interfaces/environment/library_path.dsv
[0.339s] -- Up-to-date symlink: /home/parimala/vending_machine_ws/install/vending_machine_interfaces/include/vending_machine_interfaces/vending_machine_interfaces/msg/rosidl_typesupport_fastrtps_c__visibility_control.h
[0.340s] -- Up-to-date symlink: /home/parimala/vending_machine_ws/install/vending_machine_interfaces/include/vending_machine_interfaces/vending_machine_interfaces/srv/detail/vending_machine__rosidl_typesupport_fastrtps_c.h
[0.340s] -- Up-to-date symlink: /home/parimala/vending_machine_ws/install/vending_machine_interfaces/include/vending_machine_interfaces/vending_machine_interfaces/msg/rosidl_typesupport_introspection_c__visibility_control.h
[0.341s] -- Up-to-date symlink: /home/parimala/vending_machine_ws/install/vending_machine_interfaces/include/vending_machine_interfaces/vending_machine_interfaces/srv/detail/vending_machine__rosidl_typesupport_introspection_c.h
[0.342s] -- Up-to-date symlink: /home/parimala/vending_machine_ws/install/vending_machine_interfaces/include/vending_machine_interfaces/vending_machine_interfaces/msg/rosidl_generator_cpp__visibility_control.hpp
[0.342s] -- Up-to-date symlink: /home/parimala/vending_machine_ws/install/vending_machine_interfaces/include/vending_machine_interfaces/vending_machine_interfaces/srv/detail/vending_machine__builder.hpp
[0.343s] -- Up-to-date symlink: /home/parimala/vending_machine_ws/install/vending_machine_interfaces/include/vending_machine_interfaces/vending_machine_interfaces/srv/detail/vending_machine__struct.hpp
[0.343s] -- Up-to-date symlink: /home/parimala/vending_machine_ws/install/vending_machine_interfaces/include/vending_machine_interfaces/vending_machine_interfaces/srv/detail/vending_machine__traits.hpp
[0.343s] -- Up-to-date symlink: /home/parimala/vending_machine_ws/install/vending_machine_interfaces/include/vending_machine_interfaces/vending_machine_interfaces/srv/detail/vending_machine__type_support.hpp
[0.343s] -- Up-to-date symlink: /home/parimala/vending_machine_ws/install/vending_machine_interfaces/include/vending_machine_interfaces/vending_machine_interfaces/srv/vending_machine.hpp
[0.344s] -- Up-to-date symlink: /home/parimala/vending_machine_ws/install/vending_machine_interfaces/include/vending_machine_interfaces/vending_machine_interfaces/msg/rosidl_typesupport_fastrtps_cpp__visibility_control.h
[0.344s] -- Up-to-date symlink: /home/parimala/vending_machine_ws/install/vending_machine_interfaces/include/vending_machine_interfaces/vending_machine_interfaces/srv/detail/vending_machine__rosidl_typesupport_fastrtps_cpp.hpp
[0.345s] -- Up-to-date symlink: /home/parimala/vending_machine_ws/install/vending_machine_interfaces/include/vending_machine_interfaces/vending_machine_interfaces/srv/detail/vending_machine__rosidl_typesupport_introspection_cpp.hpp
[0.346s] -- Up-to-date symlink: /home/parimala/vending_machine_ws/install/vending_machine_interfaces/share/vending_machine_interfaces/environment/pythonpath.sh
[0.346s] -- Up-to-date symlink: /home/parimala/vending_machine_ws/install/vending_machine_interfaces/share/vending_machine_interfaces/environment/pythonpath.dsv
[0.347s] -- Up-to-date symlink: /home/parimala/vending_machine_ws/install/vending_machine_interfaces/local/lib/python3.10/dist-packages/vending_machine_interfaces-1.0.0-py3.10.egg-info/PKG-INFO
[0.347s] -- Up-to-date symlink: /home/parimala/vending_machine_ws/install/vending_machine_interfaces/local/lib/python3.10/dist-packages/vending_machine_interfaces-1.0.0-py3.10.egg-info/SOURCES.txt
[0.348s] -- Up-to-date symlink: /home/parimala/vending_machine_ws/install/vending_machine_interfaces/local/lib/python3.10/dist-packages/vending_machine_interfaces-1.0.0-py3.10.egg-info/dependency_links.txt
[0.348s] -- Up-to-date symlink: /home/parimala/vending_machine_ws/install/vending_machine_interfaces/local/lib/python3.10/dist-packages/vending_machine_interfaces-1.0.0-py3.10.egg-info/top_level.txt
[0.349s] -- Up-to-date symlink: /home/parimala/vending_machine_ws/install/vending_machine_interfaces/local/lib/python3.10/dist-packages/vending_machine_interfaces/__init__.py
[0.349s] -- Up-to-date symlink: /home/parimala/vending_machine_ws/install/vending_machine_interfaces/local/lib/python3.10/dist-packages/vending_machine_interfaces/_vending_machine_interfaces_s.ep.rosidl_typesupport_c.c
[0.350s] -- Up-to-date symlink: /home/parimala/vending_machine_ws/install/vending_machine_interfaces/local/lib/python3.10/dist-packages/vending_machine_interfaces/_vending_machine_interfaces_s.ep.rosidl_typesupport_fastrtps_c.c
[0.350s] -- Up-to-date symlink: /home/parimala/vending_machine_ws/install/vending_machine_interfaces/local/lib/python3.10/dist-packages/vending_machine_interfaces/_vending_machine_interfaces_s.ep.rosidl_typesupport_introspection_c.c
[0.351s] -- Up-to-date symlink: /home/parimala/vending_machine_ws/install/vending_machine_interfaces/local/lib/python3.10/dist-packages/vending_machine_interfaces/libvending_machine_interfaces__rosidl_generator_py.so
[0.351s] -- Up-to-date symlink: /home/parimala/vending_machine_ws/install/vending_machine_interfaces/local/lib/python3.10/dist-packages/vending_machine_interfaces/srv/__init__.py
[0.351s] -- Up-to-date symlink: /home/parimala/vending_machine_ws/install/vending_machine_interfaces/local/lib/python3.10/dist-packages/vending_machine_interfaces/srv/_vending_machine.py
[0.352s] -- Up-to-date symlink: /home/parimala/vending_machine_ws/install/vending_machine_interfaces/local/lib/python3.10/dist-packages/vending_machine_interfaces/srv/_vending_machine_s.c
[0.352s] -- Up-to-date symlink: /home/parimala/vending_machine_ws/install/vending_machine_interfaces/local/lib/python3.10/dist-packages/vending_machine_interfaces/vending_machine_interfaces_s__rosidl_typesupport_c.cpython-310-x86_64-linux-gnu.so
[0.352s] -- Up-to-date symlink: /home/parimala/vending_machine_ws/install/vending_machine_interfaces/local/lib/python3.10/dist-packages/vending_machine_interfaces/vending_machine_interfaces_s__rosidl_typesupport_fastrtps_c.cpython-310-x86_64-linux-gnu.so
[0.352s] -- Up-to-date symlink: /home/parimala/vending_machine_ws/install/vending_machine_interfaces/local/lib/python3.10/dist-packages/vending_machine_interfaces/vending_machine_interfaces_s__rosidl_typesupport_introspection_c.cpython-310-x86_64-linux-gnu.so
[0.353s] -- Up-to-date symlink: /home/parimala/vending_machine_ws/install/vending_machine_interfaces/local/lib/python3.10/dist-packages/vending_machine_interfaces/vending_machine_interfaces_s__rosidl_typesupport_fastrtps_c.cpython-310-x86_64-linux-gnu.so
[0.353s] -- Up-to-date symlink: /home/parimala/vending_machine_ws/install/vending_machine_interfaces/local/lib/python3.10/dist-packages/vending_machine_interfaces/vending_machine_interfaces_s__rosidl_typesupport_introspection_c.cpython-310-x86_64-linux-gnu.so
[0.353s] -- Up-to-date symlink: /home/parimala/vending_machine_ws/install/vending_machine_interfaces/local/lib/python3.10/dist-packages/vending_machine_interfaces/vending_machine_interfaces_s__rosidl_typesupport_c.cpython-310-x86_64-linux-gnu.so
[0.353s] -- Up-to-date symlink: /home/parimala/vending_machine_ws/install/vending_machine_interfaces/share/ament_index/resource_index/rust_packages/vending_machine_interfaces
[0.354s] -- Up-to-date symlink: /home/parimala/vending_machine_ws/install/vending_machine_interfaces/share/vending_machine_interfaces/rust/Cargo.toml
[0.354s] -- Up-to-date symlink: /home/parimala/vending_machine_ws/install/vending_machine_interfaces/share/vending_machine_interfaces/rust/build.rs
[0.354s] -- Up-to-date symlink: /home/parimala/vending_machine_ws/install/vending_machine_interfaces/share/vending_machine_interfaces/rust/src/lib.rs
[0.354s] -- Up-to-date symlink: /home/parimala/vending_machine_ws/install/vending_machine_interfaces/share/vending_machine_interfaces/rust/src/srv.rs
[0.354s] -- Up-to-date symlink: /home/parimala/vending_machine_ws/install/vending_machine_interfaces/share/vending_machine_interfaces/rust/src/srv/rmw.rs
[0.354s] -- Up-to-date symlink: /home/parimala/vending_machine_ws/install/vending_machine_interfaces/share/vending_machine_interfaces/srv/VendingMachine.idl
[0.354s] -- Up-to-date symlink: /home/parimala/vending_machine_ws/install/vending_machine_interfaces/share/vending_machine_interfaces/srv/VendingMachine.srv
[0.355s] -- Up-to-date symlink: /home/parimala/vending_machine_ws/install/vending_machine_interfaces/share/vending_machine_interfaces/srv/VendingMachine_Request.msg
[0.355s] -- Up-to-date symlink: /home/parimala/vending_machine_ws/install/vending_machine_interfaces/share/vending_machine_interfaces/srv/VendingMachine_Response.msg
[0.355s] -- Up-to-date symlink: /home/parimala/vending_machine_ws/install/vending_machine_interfaces/share/ament_index/resource_index/package_run_dependencies/vending_machine_interfaces
[0.355s] -- Up-to-date symlink: /home/parimala/vending_machine_ws/install/vending_machine_interfaces/share/ament_index/resource_index/parent_prefix_path/vending_machine_interfaces
[0.355s] -- Up-to-date symlink: /home/parimala/vending_machine_ws/install/vending_machine_interfaces/share/vending_machine_interfaces/environment/ament_prefix_path.sh
[0.356s] -- Up-to-date symlink: /home/parimala/vending_machine_ws/install/vending_machine_interfaces/share/vending_machine_interfaces/environment/ament_prefix_path.dsv
[0.356s] -- Up-to-date symlink: /home/parimala/vending_machine_ws/install/vending_machine_interfaces/share/vending_machine_interfaces/environment/path.sh
[0.356s] -- Up-to-date symlink: /home/parimala/vending_machine_ws/install/vending_machine_interfaces/share/vending_machine_interfaces/environment/path.dsv
[0.356s] -- Up-to-date symlink: /home/parimala/vending_machine_ws/install/vending_machine_interfaces/share/vending_machine_interfaces/local_setup.bash
[0.356s] -- Up-to-date symlink: /home/parimala/vending_machine_ws/install/vending_machine_interfaces/share/vending_machine_interfaces/local_setup.sh
[0.356s] -- Up-to-date symlink: /home/parimala/vending_machine_ws/install/vending_machine_interfaces/share/vending_machine_interfaces/local_setup.zsh
[0.356s] -- Up-to-date symlink: /home/parimala/vending_machine_ws/install/vending_machine_interfaces/share/vending_machine_interfaces/local_setup.dsv
[0.356s] -- Symlinking: /home/parimala/vending_machine_ws/install/vending_machine_interfaces/share/vending_machine_interfaces/package.dsv
[0.367s] -- Up-to-date symlink: /home/parimala/vending_machine_ws/install/vending_machine_interfaces/share/ament_index/resource_index/packages/vending_machine_interfaces
[0.367s] -- Up-to-date symlink: /home/parimala/vending_machine_ws/install/vending_machine_interfaces/share/vending_machine_interfaces/cmake/rosidl_cmake-extras.cmake
[0.367s] -- Up-to-date symlink: /home/parimala/vending_machine_ws/install/vending_machine_interfaces/share/vending_machine_interfaces/cmake/ament_cmake_export_include_directories-extras.cmake
[0.367s] -- Up-to-date symlink: /home/parimala/vending_machine_ws/install/vending_machine_interfaces/share/vending_machine_interfaces/cmake/ament_cmake_export_libraries-extras.cmake
[0.367s] -- Up-to-date symlink: /home/parimala/vending_machine_ws/install/vending_machine_interfaces/share/vending_machine_interfaces/cmake/ament_cmake_export_targets-extras.cmake
[0.367s] -- Up-to-date symlink: /home/parimala/vending_machine_ws/install/vending_machine_interfaces/share/vending_machine_interfaces/cmake/rosidl_cmake_export_typesupport_targets-extras.cmake
[0.367s] -- Up-to-date symlink: /home/parimala/vending_machine_ws/install/vending_machine_interfaces/share/vending_machine_interfaces/cmake/ament_cmake_export_dependencies-extras.cmake
[0.367s] -- Up-to-date symlink: /home/parimala/vending_machine_ws/install/vending_machine_interfaces/share/vending_machine_interfaces/cmake/rosidl_cmake_export_typesupport_libraries-extras.cmake
[0.367s] -- Up-to-date symlink: /home/parimala/vending_machine_ws/install/vending_machine_interfaces/share/vending_machine_interfaces/cmake/vending_machine_interfacesConfig.cmake
[0.367s] -- Up-to-date symlink: /home/parimala/vending_machine_ws/install/vending_machine_interfaces/share/vending_machine_interfaces/cmake/vending_machine_interfacesConfig-version.cmake
[0.367s] -- Up-to-date symlink: /home/parimala/vending_machine_ws/install/vending_machine_interfaces/share/vending_machine_interfaces/package.xml
[0.367s] -- Up-to-date: /home/parimala/vending_machine_ws/install/vending_machine_interfaces/lib/libvending_machine_interfaces__rosidl_generator_c.so
[0.368s] -- Up-to-date: /home/parimala/vending_machine_ws/install/vending_machine_interfaces/lib/libvending_machine_interfaces__rosidl_typesupport_fastrtps_c.so
[0.368s] -- Up-to-date: /home/parimala/vending_machine_ws/install/vending_machine_interfaces/lib/libvending_machine_interfaces__rosidl_typesupport_introspection_c.so
[0.368s] -- Up-to-date: /home/parimala/vending_machine_ws/install/vending_machine_interfaces/lib/libvending_machine_interfaces__rosidl_typesupport_c.so
[0.368s] -- Up-to-date: /home/parimala/vending_machine_ws/install/vending_machine_interfaces/lib/libvending_machine_interfaces__rosidl_typesupport_fastrtps_cpp.so
[0.368s] -- Up-to-date: /home/parimala/vending_machine_ws/install/vending_machine_interfaces/lib/libvending_machine_interfaces__rosidl_typesupport_introspection_cpp.so
[0.369s] -- Up-to-date: /home/parimala/vending_machine_ws/install/vending_machine_interfaces/lib/libvending_machine_interfaces__rosidl_typesupport_cpp.so
[0.401s] Listing '/home/parimala/vending_machine_ws/install/vending_machine_interfaces/local/lib/python3.10/dist-packages/vending_machine_interfaces'...
[0.401s] Listing '/home/parimala/vending_machine_ws/install/vending_machine_interfaces/local/lib/python3.10/dist-packages/vending_machine_interfaces/srv'...
[0.404s] -- Up-to-date: /home/parimala/vending_machine_ws/install/vending_machine_interfaces/lib/libvending_machine_interfaces__rosidl_generator_py.so
[0.404s] -- Up-to-date: /home/parimala/vending_machine_ws/install/vending_machine_interfaces/share/vending_machine_interfaces/cmake/export_vending_machine_interfaces__rosidl_generator_cExport.cmake
[0.404s] -- Up-to-date: /home/parimala/vending_machine_ws/install/vending_machine_interfaces/share/vending_machine_interfaces/cmake/export_vending_machine_interfaces__rosidl_generator_cExport-noconfig.cmake
[0.404s] -- Up-to-date: /home/parimala/vending_machine_ws/install/vending_machine_interfaces/share/vending_machine_interfaces/cmake/export_vending_machine_interfaces__rosidl_typesupport_fastrtps_cExport.cmake
[0.404s] -- Up-to-date: /home/parimala/vending_machine_ws/install/vending_machine_interfaces/share/vending_machine_interfaces/cmake/export_vending_machine_interfaces__rosidl_typesupport_fastrtps_cExport-noconfig.cmake
[0.404s] -- Up-to-date: /home/parimala/vending_machine_ws/install/vending_machine_interfaces/share/vending_machine_interfaces/cmake/vending_machine_interfaces__rosidl_typesupport_introspection_cExport.cmake
[0.404s] -- Up-to-date: /home/parimala/vending_machine_ws/install/vending_machine_interfaces/share/vending_machine_interfaces/cmake/vending_machine_interfaces__rosidl_typesupport_introspection_cExport-noconfig.cmake
[0.405s] -- Up-to-date: /home/parimala/vending_machine_ws/install/vending_machine_interfaces/share/vending_machine_interfaces/cmake/vending_machine_interfaces__rosidl_typesupport_cExport.cmake
[0.405s] -- Up-to-date: /home/parimala/vending_machine_ws/install/vending_machine_interfaces/share/vending_machine_interfaces/cmake/vending_machine_interfaces__rosidl_typesupport_cExport-noconfig.cmake
[0.405s] -- Up-to-date: /home/parimala/vending_machine_ws/install/vending_machine_interfaces/share/vending_machine_interfaces/cmake/export_vending_machine_interfaces__rosidl_generator_cppExport.cmake
[0.405s] -- Up-to-date: /home/parimala/vending_machine_ws/install/vending_machine_interfaces/share/vending_machine_interfaces/cmake/export_vending_machine_interfaces__rosidl_typesupport_fastrtps_cppExport.cmake
[0.405s] -- Up-to-date: /home/parimala/vending_machine_ws/install/vending_machine_interfaces/share/vending_machine_interfaces/cmake/export_vending_machine_interfaces__rosidl_typesupport_fastrtps_cppExport-noconfig.cmake
[0.405s] -- Up-to-date: /home/parimala/vending_machine_ws/install/vending_machine_interfaces/share/vending_machine_interfaces/cmake/vending_machine_interfaces__rosidl_typesupport_introspection_cppExport.cmake
[0.405s] -- Up-to-date: /home/parimala/vending_machine_ws/install/vending_machine_interfaces/share/vending_machine_interfaces/cmake/vending_machine_interfaces__rosidl_typesupport_introspection_cppExport-noconfig.cmake
[0.405s] -- Up-to-date: /home/parimala/vending_machine_ws/install/vending_machine_interfaces/share/vending_machine_interfaces/cmake/vending_machine_interfaces__rosidl_typesupport_cppExport.cmake
[0.405s] -- Up-to-date: /home/parimala/vending_machine_ws/install/vending_machine_interfaces/share/vending_machine_interfaces/cmake/vending_machine_interfaces__rosidl_typesupport_cppExport-noconfig.cmake
[0.405s] -- Up-to-date: /home/parimala/vending_machine_ws/install/vending_machine_interfaces/share/vending_machine_interfaces/cmake/export_vending_machine_interfaces__rosidl_generator_pyExport.cmake
[0.405s] -- Up-to-date: /home/parimala/vending_machine_ws/install/vending_machine_interfaces/share/vending_machine_interfaces/cmake/export_vending_machine_interfaces__rosidl_generator_pyExport-noconfig.cmake
[0.407s] Invoked command in '/home/parimala/vending_machine_ws/build/vending_machine_interfaces' returned '0': CMAKE_PREFIX_PATH=${CMAKE_PREFIX_PATH}:/home/parimala/ros2_ws/install/launch_testing_examples:/home/parimala/ros2_ws/install/examples_rclpy_pointcloud_publisher:/home/parimala/ros2_ws/install/examples_rclpy_minimal_subscriber:/home/parimala/ros2_ws/install/examples_rclpy_minimal_service:/home/parimala/ros2_ws/install/examples_rclpy_minimal_publisher:/home/parimala/ros2_ws/install/examples_rclpy_minimal_client:/home/parimala/ros2_ws/install/examples_rclpy_minimal_action_server:/home/parimala/ros2_ws/install/examples_rclpy_minimal_action_client:/home/parimala/ros2_ws/install/examples_rclpy_guard_conditions:/home/parimala/ros2_ws/install/examples_rclpy_executors:/home/parimala/ros2_ws/install/even_odd_numbers:/opt/ros/humble /usr/bin/cmake --install /home/parimala/vending_machine_ws/build/vending_machine_interfaces
