running egg_info
writing ../../build/vending_machine/vending_machine.egg-info/PKG-INFO
writing dependency_links to ../../build/vending_machine/vending_machine.egg-info/dependency_links.txt
writing entry points to ../../build/vending_machine/vending_machine.egg-info/entry_points.txt
writing requirements to ../../build/vending_machine/vending_machine.egg-info/requires.txt
writing top-level names to ../../build/vending_machine/vending_machine.egg-info/top_level.txt
reading manifest file '../../build/vending_machine/vending_machine.egg-info/SOURCES.txt'
writing manifest file '../../build/vending_machine/vending_machine.egg-info/SOURCES.txt'
running build
running build_py
running install
running install_lib
running install_data
running install_egg_info
removing '/home/parimala/vending_machine_ws/install/vending_machine/lib/python3.10/site-packages/vending_machine-1.0.0-py3.10.egg-info' (and everything under it)
Copying ../../build/vending_machine/vending_machine.egg-info to /home/parimala/vending_machine_ws/install/vending_machine/lib/python3.10/site-packages/vending_machine-1.0.0-py3.10.egg-info
running install_scripts
Installing vending_client script to /home/parimala/vending_machine_ws/install/vending_machine/lib/vending_machine
Installing vending_server script to /home/parimala/vending_machine_ws/install/vending_machine/lib/vending_machine
writing list of installed files to '/home/parimala/vending_machine_ws/build/vending_machine/install.log'
