running develop
running egg_info
creating vending_machine.egg-info
writing vending_machine.egg-info/PKG-INFO
writing dependency_links to vending_machine.egg-info/dependency_links.txt
writing entry points to vending_machine.egg-info/entry_points.txt
writing requirements to vending_machine.egg-info/requires.txt
writing top-level names to vending_machine.egg-info/top_level.txt
writing manifest file 'vending_machine.egg-info/SOURCES.txt'
reading manifest file 'vending_machine.egg-info/SOURCES.txt'
writing manifest file 'vending_machine.egg-info/SOURCES.txt'
running build_ext
Creating /home/parimala/vending_machine_ws/install/vending_machine/lib/python3.10/site-packages/vending-machine.egg-link (link to .)
Installing vending_client script to /home/parimala/vending_machine_ws/install/vending_machine/lib/vending_machine
Installing vending_server script to /home/parimala/vending_machine_ws/install/vending_machine/lib/vending_machine

Installed /home/parimala/vending_machine_ws/build/vending_machine
running symlink_data
creating /home/parimala/vending_machine_ws/install/vending_machine/share/ament_index
creating /home/parimala/vending_machine_ws/install/vending_machine/share/ament_index/resource_index
creating /home/parimala/vending_machine_ws/install/vending_machine/share/ament_index/resource_index/packages
symbolically linking /home/parimala/vending_machine_ws/build/vending_machine/resource/vending_machine -> /home/parimala/vending_machine_ws/install/vending_machine/share/ament_index/resource_index/packages
symbolically linking /home/parimala/vending_machine_ws/build/vending_machine/package.xml -> /home/parimala/vending_machine_ws/install/vending_machine/share/vending_machine
