running develop
Removing /home/parimala/vending_machine_ws/install/vending_machine/lib/python3.10/site-packages/vending-machine.egg-link (link to .)
running egg_info
writing ../../build/vending_machine/vending_machine.egg-info/PKG-INFO
writing dependency_links to ../../build/vending_machine/vending_machine.egg-info/dependency_links.txt
writing entry points to ../../build/vending_machine/vending_machine.egg-info/entry_points.txt
writing requirements to ../../build/vending_machine/vending_machine.egg-info/requires.txt
writing top-level names to ../../build/vending_machine/vending_machine.egg-info/top_level.txt
reading manifest file '../../build/vending_machine/vending_machine.egg-info/SOURCES.txt'
writing manifest file '../../build/vending_machine/vending_machine.egg-info/SOURCES.txt'
running build
running build_py
creating /home/parimala/vending_machine_ws/build/vending_machine/build
creating /home/parimala/vending_machine_ws/build/vending_machine/build/lib
creating /home/parimala/vending_machine_ws/build/vending_machine/build/lib/vending_machine
copying vending_machine/__init__.py -> /home/parimala/vending_machine_ws/build/vending_machine/build/lib/vending_machine
copying vending_machine/vending_server.py -> /home/parimala/vending_machine_ws/build/vending_machine/build/lib/vending_machine
copying vending_machine/vending_client.py -> /home/parimala/vending_machine_ws/build/vending_machine/build/lib/vending_machine
running install
running install_lib
creating /home/parimala/vending_machine_ws/install/vending_machine/lib/python3.10/site-packages/vending_machine
copying /home/parimala/vending_machine_ws/build/vending_machine/build/lib/vending_machine/__init__.py -> /home/parimala/vending_machine_ws/install/vending_machine/lib/python3.10/site-packages/vending_machine
copying /home/parimala/vending_machine_ws/build/vending_machine/build/lib/vending_machine/vending_server.py -> /home/parimala/vending_machine_ws/install/vending_machine/lib/python3.10/site-packages/vending_machine
copying /home/parimala/vending_machine_ws/build/vending_machine/build/lib/vending_machine/vending_client.py -> /home/parimala/vending_machine_ws/install/vending_machine/lib/python3.10/site-packages/vending_machine
byte-compiling /home/parimala/vending_machine_ws/install/vending_machine/lib/python3.10/site-packages/vending_machine/__init__.py to __init__.cpython-310.pyc
byte-compiling /home/parimala/vending_machine_ws/install/vending_machine/lib/python3.10/site-packages/vending_machine/vending_server.py to vending_server.cpython-310.pyc
byte-compiling /home/parimala/vending_machine_ws/install/vending_machine/lib/python3.10/site-packages/vending_machine/vending_client.py to vending_client.cpython-310.pyc
running install_data
copying resource/vending_machine -> /home/parimala/vending_machine_ws/install/vending_machine/share/ament_index/resource_index/packages
copying package.xml -> /home/parimala/vending_machine_ws/install/vending_machine/share/vending_machine
running install_egg_info
Copying ../../build/vending_machine/vending_machine.egg-info to /home/parimala/vending_machine_ws/install/vending_machine/lib/python3.10/site-packages/vending_machine-1.0.0-py3.10.egg-info
running install_scripts
Installing vending_client script to /home/parimala/vending_machine_ws/install/vending_machine/lib/vending_machine
Installing vending_server script to /home/parimala/vending_machine_ws/install/vending_machine/lib/vending_machine
writing list of installed files to '/home/parimala/vending_machine_ws/build/vending_machine/install.log'
