[0.433s] Invoking command in '/home/parimala/vending_machine_ws/build/vending_machine': AMENT_PREFIX_PATH=/home/parimala/vending_machine_ws/install/vending_machine_interfaces:${AMENT_PREFIX_PATH} CMAKE_PREFIX_PATH=/home/parimala/vending_machine_ws/install/vending_machine_interfaces:${CMAKE_PREFIX_PATH} LD_LIBRARY_PATH=/home/parimala/vending_machine_ws/install/vending_machine_interfaces/lib:${LD_LIBRARY_PATH} PYTHONPATH=/home/parimala/vending_machine_ws/build/vending_machine/prefix_override:/usr/lib/python3/dist-packages/colcon_core/task/python/colcon_distutils_commands:/home/parimala/vending_machine_ws/install/vending_machine/lib/python3.10/site-packages:/home/parimala/vending_machine_ws/install/vending_machine_interfaces/local/lib/python3.10/dist-packages:${PYTHONPATH} /usr/bin/python3 -W ignore:setup.py install is deprecated -W ignore:easy_install command is deprecated setup.py develop --uninstall --editable --build-directory /home/parimala/vending_machine_ws/build/vending_machine/build
[0.618s] running develop
[0.715s] Removing /home/parimala/vending_machine_ws/install/vending_machine/lib/python3.10/site-packages/vending-machine.egg-link (link to .)
[0.732s] Invoked command in '/home/parimala/vending_machine_ws/build/vending_machine' returned '0': AMENT_PREFIX_PATH=/home/parimala/vending_machine_ws/install/vending_machine_interfaces:${AMENT_PREFIX_PATH} CMAKE_PREFIX_PATH=/home/parimala/vending_machine_ws/install/vending_machine_interfaces:${CMAKE_PREFIX_PATH} LD_LIBRARY_PATH=/home/parimala/vending_machine_ws/install/vending_machine_interfaces/lib:${LD_LIBRARY_PATH} PYTHONPATH=/home/parimala/vending_machine_ws/build/vending_machine/prefix_override:/usr/lib/python3/dist-packages/colcon_core/task/python/colcon_distutils_commands:/home/parimala/vending_machine_ws/install/vending_machine/lib/python3.10/site-packages:/home/parimala/vending_machine_ws/install/vending_machine_interfaces/local/lib/python3.10/dist-packages:${PYTHONPATH} /usr/bin/python3 -W ignore:setup.py install is deprecated -W ignore:easy_install command is deprecated setup.py develop --uninstall --editable --build-directory /home/parimala/vending_machine_ws/build/vending_machine/build
[0.733s] Invoking command in '/home/parimala/vending_machine_ws/src/vending_machine': AMENT_PREFIX_PATH=/home/parimala/vending_machine_ws/install/vending_machine_interfaces:${AMENT_PREFIX_PATH} CMAKE_PREFIX_PATH=/home/parimala/vending_machine_ws/install/vending_machine_interfaces:${CMAKE_PREFIX_PATH} LD_LIBRARY_PATH=/home/parimala/vending_machine_ws/install/vending_machine_interfaces/lib:${LD_LIBRARY_PATH} PYTHONPATH=/home/parimala/vending_machine_ws/build/vending_machine/prefix_override:/usr/lib/python3/dist-packages/colcon_core/task/python/colcon_distutils_commands:/home/parimala/vending_machine_ws/install/vending_machine/lib/python3.10/site-packages:/home/parimala/vending_machine_ws/install/vending_machine_interfaces/local/lib/python3.10/dist-packages:${PYTHONPATH} /usr/bin/python3 -W ignore:setup.py install is deprecated -W ignore:easy_install command is deprecated setup.py egg_info --egg-base ../../build/vending_machine build --build-base /home/parimala/vending_machine_ws/build/vending_machine/build install --record /home/parimala/vending_machine_ws/build/vending_machine/install.log --single-version-externally-managed install_data --force
[0.908s] running egg_info
[0.908s] writing ../../build/vending_machine/vending_machine.egg-info/PKG-INFO
[0.908s] writing dependency_links to ../../build/vending_machine/vending_machine.egg-info/dependency_links.txt
[0.909s] writing entry points to ../../build/vending_machine/vending_machine.egg-info/entry_points.txt
[0.909s] writing requirements to ../../build/vending_machine/vending_machine.egg-info/requires.txt
[0.909s] writing top-level names to ../../build/vending_machine/vending_machine.egg-info/top_level.txt
[0.910s] reading manifest file '../../build/vending_machine/vending_machine.egg-info/SOURCES.txt'
[0.910s] writing manifest file '../../build/vending_machine/vending_machine.egg-info/SOURCES.txt'
[0.910s] running build
[0.910s] running build_py
[0.911s] creating /home/parimala/vending_machine_ws/build/vending_machine/build
[0.911s] creating /home/parimala/vending_machine_ws/build/vending_machine/build/lib
[0.911s] creating /home/parimala/vending_machine_ws/build/vending_machine/build/lib/vending_machine
[0.911s] copying vending_machine/__init__.py -> /home/parimala/vending_machine_ws/build/vending_machine/build/lib/vending_machine
[0.911s] copying vending_machine/vending_server.py -> /home/parimala/vending_machine_ws/build/vending_machine/build/lib/vending_machine
[0.911s] copying vending_machine/vending_client.py -> /home/parimala/vending_machine_ws/build/vending_machine/build/lib/vending_machine
[0.911s] running install
[0.911s] running install_lib
[0.911s] creating /home/parimala/vending_machine_ws/install/vending_machine/lib/python3.10/site-packages/vending_machine
[0.911s] copying /home/parimala/vending_machine_ws/build/vending_machine/build/lib/vending_machine/__init__.py -> /home/parimala/vending_machine_ws/install/vending_machine/lib/python3.10/site-packages/vending_machine
[0.911s] copying /home/parimala/vending_machine_ws/build/vending_machine/build/lib/vending_machine/vending_server.py -> /home/parimala/vending_machine_ws/install/vending_machine/lib/python3.10/site-packages/vending_machine
[0.911s] copying /home/parimala/vending_machine_ws/build/vending_machine/build/lib/vending_machine/vending_client.py -> /home/parimala/vending_machine_ws/install/vending_machine/lib/python3.10/site-packages/vending_machine
[0.912s] byte-compiling /home/parimala/vending_machine_ws/install/vending_machine/lib/python3.10/site-packages/vending_machine/__init__.py to __init__.cpython-310.pyc
[0.912s] byte-compiling /home/parimala/vending_machine_ws/install/vending_machine/lib/python3.10/site-packages/vending_machine/vending_server.py to vending_server.cpython-310.pyc
[0.913s] byte-compiling /home/parimala/vending_machine_ws/install/vending_machine/lib/python3.10/site-packages/vending_machine/vending_client.py to vending_client.cpython-310.pyc
[0.914s] running install_data
[0.914s] copying resource/vending_machine -> /home/parimala/vending_machine_ws/install/vending_machine/share/ament_index/resource_index/packages
[0.914s] copying package.xml -> /home/parimala/vending_machine_ws/install/vending_machine/share/vending_machine
[0.914s] running install_egg_info
[0.915s] Copying ../../build/vending_machine/vending_machine.egg-info to /home/parimala/vending_machine_ws/install/vending_machine/lib/python3.10/site-packages/vending_machine-1.0.0-py3.10.egg-info
[0.915s] running install_scripts
[0.929s] Installing vending_client script to /home/parimala/vending_machine_ws/install/vending_machine/lib/vending_machine
[0.929s] Installing vending_server script to /home/parimala/vending_machine_ws/install/vending_machine/lib/vending_machine
[0.929s] writing list of installed files to '/home/parimala/vending_machine_ws/build/vending_machine/install.log'
[0.944s] Invoked command in '/home/parimala/vending_machine_ws/src/vending_machine' returned '0': AMENT_PREFIX_PATH=/home/parimala/vending_machine_ws/install/vending_machine_interfaces:${AMENT_PREFIX_PATH} CMAKE_PREFIX_PATH=/home/parimala/vending_machine_ws/install/vending_machine_interfaces:${CMAKE_PREFIX_PATH} LD_LIBRARY_PATH=/home/parimala/vending_machine_ws/install/vending_machine_interfaces/lib:${LD_LIBRARY_PATH} PYTHONPATH=/home/parimala/vending_machine_ws/build/vending_machine/prefix_override:/usr/lib/python3/dist-packages/colcon_core/task/python/colcon_distutils_commands:/home/parimala/vending_machine_ws/install/vending_machine/lib/python3.10/site-packages:/home/parimala/vending_machine_ws/install/vending_machine_interfaces/local/lib/python3.10/dist-packages:${PYTHONPATH} /usr/bin/python3 -W ignore:setup.py install is deprecated -W ignore:easy_install command is deprecated setup.py egg_info --egg-base ../../build/vending_machine build --build-base /home/parimala/vending_machine_ws/build/vending_machine/build install --record /home/parimala/vending_machine_ws/build/vending_machine/install.log --single-version-externally-managed install_data --force
