-- The C compiler identification is GNU 11.4.0
-- The CXX compiler identification is GNU 11.4.0
-- Detecting C compiler ABI info
-- Detecting C compiler ABI info - done
-- Check for working C compiler: /usr/bin/cc - skipped
-- Detecting C compile features
-- Detecting C compile features - done
-- Detecting CXX compiler ABI info
-- Detecting CXX compiler ABI info - done
-- Check for working CXX compiler: /usr/bin/c++ - skipped
-- Detecting CXX compile features
-- Detecting CXX compile features - done
-- Found ament_cmake: 1.3.14 (/opt/ros/humble/share/ament_cmake/cmake)
-- Found Python3: /usr/bin/python3 (found version "3.10.12") found components: Interpreter 
-- Override CMake install command with custom implementation using symlinks instead of copying resources
-- Found rosidl_default_generators: 1.2.1 (/opt/ros/humble/share/rosidl_default_generators/cmake)
-- Using all available rosidl_typesupport_c: rosidl_typesupport_fastrtps_c;rosidl_typesupport_introspection_c
-- Found rosidl_adapter: 3.1.8 (/opt/ros/humble/share/rosidl_adapter/cmake)
-- Using all available rosidl_typesupport_cpp: rosidl_typesupport_fastrtps_cpp;rosidl_typesupport_introspection_cpp
-- Found ament_cmake_ros: 0.10.0 (/opt/ros/humble/share/ament_cmake_ros/cmake)
-- Using all available rosidl_typesupport_c: rosidl_typesupport_fastrtps_c;rosidl_typesupport_introspection_c
-- Using all available rosidl_typesupport_cpp: rosidl_typesupport_fastrtps_cpp;rosidl_typesupport_introspection_cpp
-- Found PythonInterp: /usr/bin/python3 (found suitable version "3.10.12", minimum required is "3.6") 
-- Found python_cmake_module: 0.10.0 (/opt/ros/humble/share/python_cmake_module/cmake)
-- Found PythonLibs: /usr/lib/x86_64-linux-gnu/libpython3.10.so (found suitable version "3.10.12", minimum required is "3.5") 
-- Using PYTHON_EXECUTABLE: /usr/bin/python3
-- Using PYTHON_INCLUDE_DIRS: /usr/include/python3.10
-- Using PYTHON_LIBRARIES: /usr/lib/x86_64-linux-gnu/libpython3.10.so
-- Found PythonExtra: .so  
-- Configuring done
-- Generating done
-- Build files have been written to: /home/parimala/vending_machine_ws/build/vending_machine_interfaces
[  3%] [34m[1mGenerating C code for ROS interfaces[0m
[  6%] [34m[1mGenerating C++ code for ROS interfaces[0m
[  9%] [34m[1mGenerating Rust code for ROS interfaces[0m
[  9%] Built target ament_cmake_python_symlink_vending_machine_interfaces
running egg_info
creating vending_machine_interfaces.egg-info
[  9%] Built target vending_machine_interfaces__rs
writing vending_machine_interfaces.egg-info/PKG-INFO
writing dependency_links to vending_machine_interfaces.egg-info/dependency_links.txt
writing top-level names to vending_machine_interfaces.egg-info/top_level.txt
writing manifest file 'vending_machine_interfaces.egg-info/SOURCES.txt'
reading manifest file 'vending_machine_interfaces.egg-info/SOURCES.txt'
writing manifest file 'vending_machine_interfaces.egg-info/SOURCES.txt'
[  9%] Built target ament_cmake_python_build_vending_machine_interfaces_egg
[  9%] Built target vending_machine_interfaces__cpp
[ 12%] [34m[1mGenerating C++ type support dispatch for ROS interfaces[0m
[ 15%] [34m[1mGenerating C++ type support for eProsima Fast-RTPS[0m
[ 18%] [32mBuilding C object CMakeFiles/vending_machine_interfaces__rosidl_generator_c.dir/rosidl_generator_c/vending_machine_interfaces/srv/detail/vending_machine__functions.c.o[0m
[ 21%] [34m[1mGenerating C++ introspection for ROS interfaces[0m
[ 25%] [32m[1mLinking C shared library libvending_machine_interfaces__rosidl_generator_c.so[0m
[ 25%] Built target vending_machine_interfaces__rosidl_generator_c
[ 28%] [34m[1mGenerating C type support for eProsima Fast-RTPS[0m
[ 31%] [34m[1mGenerating C introspection for ROS interfaces[0m
[ 34%] [34m[1mGenerating C type support dispatch for ROS interfaces[0m
[ 37%] [32mBuilding CXX object CMakeFiles/vending_machine_interfaces__rosidl_typesupport_cpp.dir/rosidl_typesupport_cpp/vending_machine_interfaces/srv/vending_machine__type_support.cpp.o[0m
[ 40%] [32mBuilding CXX object CMakeFiles/vending_machine_interfaces__rosidl_typesupport_introspection_cpp.dir/rosidl_typesupport_introspection_cpp/vending_machine_interfaces/srv/detail/vending_machine__type_support.cpp.o[0m
[ 43%] [32mBuilding CXX object CMakeFiles/vending_machine_interfaces__rosidl_typesupport_fastrtps_cpp.dir/rosidl_typesupport_fastrtps_cpp/vending_machine_interfaces/srv/detail/dds_fastrtps/vending_machine__type_support.cpp.o[0m
[ 46%] [32mBuilding CXX object CMakeFiles/vending_machine_interfaces__rosidl_typesupport_fastrtps_c.dir/rosidl_typesupport_fastrtps_c/vending_machine_interfaces/srv/detail/vending_machine__type_support_c.cpp.o[0m
[ 50%] [32mBuilding CXX object CMakeFiles/vending_machine_interfaces__rosidl_typesupport_c.dir/rosidl_typesupport_c/vending_machine_interfaces/srv/vending_machine__type_support.cpp.o[0m
[ 53%] [32mBuilding C object CMakeFiles/vending_machine_interfaces__rosidl_typesupport_introspection_c.dir/rosidl_typesupport_introspection_c/vending_machine_interfaces/srv/detail/vending_machine__type_support.c.o[0m
[ 56%] [32m[1mLinking CXX shared library libvending_machine_interfaces__rosidl_typesupport_c.so[0m
[ 59%] [32m[1mLinking C shared library libvending_machine_interfaces__rosidl_typesupport_introspection_c.so[0m
[ 59%] Built target vending_machine_interfaces__rosidl_typesupport_introspection_c
[ 59%] Built target vending_machine_interfaces__rosidl_typesupport_c
[ 62%] [32m[1mLinking CXX shared library libvending_machine_interfaces__rosidl_typesupport_cpp.so[0m
[ 62%] Built target vending_machine_interfaces__rosidl_typesupport_cpp
[ 65%] [32m[1mLinking CXX shared library libvending_machine_interfaces__rosidl_typesupport_introspection_cpp.so[0m
[ 68%] [32m[1mLinking CXX shared library libvending_machine_interfaces__rosidl_typesupport_fastrtps_cpp.so[0m
[ 68%] Built target vending_machine_interfaces__rosidl_typesupport_introspection_cpp
[ 71%] [32m[1mLinking CXX shared library libvending_machine_interfaces__rosidl_typesupport_fastrtps_c.so[0m
[ 71%] Built target vending_machine_interfaces__rosidl_typesupport_fastrtps_cpp
[ 71%] Built target vending_machine_interfaces__rosidl_typesupport_fastrtps_c
[ 71%] Built target vending_machine_interfaces
[ 75%] [34m[1mGenerating Python code for ROS interfaces[0m
[ 75%] Built target vending_machine_interfaces__py
[ 78%] [32mBuilding C object CMakeFiles/vending_machine_interfaces__rosidl_generator_py.dir/rosidl_generator_py/vending_machine_interfaces/srv/_vending_machine_s.c.o[0m
[ 81%] [32m[1mLinking C shared library rosidl_generator_py/vending_machine_interfaces/libvending_machine_interfaces__rosidl_generator_py.so[0m
[ 81%] Built target vending_machine_interfaces__rosidl_generator_py
[ 84%] [32mBuilding C object CMakeFiles/vending_machine_interfaces__rosidl_typesupport_c__pyext.dir/rosidl_generator_py/vending_machine_interfaces/_vending_machine_interfaces_s.ep.rosidl_typesupport_c.c.o[0m
[ 87%] [32mBuilding C object CMakeFiles/vending_machine_interfaces__rosidl_typesupport_introspection_c__pyext.dir/rosidl_generator_py/vending_machine_interfaces/_vending_machine_interfaces_s.ep.rosidl_typesupport_introspection_c.c.o[0m
[ 90%] [32mBuilding C object CMakeFiles/vending_machine_interfaces__rosidl_typesupport_fastrtps_c__pyext.dir/rosidl_generator_py/vending_machine_interfaces/_vending_machine_interfaces_s.ep.rosidl_typesupport_fastrtps_c.c.o[0m
[ 93%] [32m[1mLinking C shared library rosidl_generator_py/vending_machine_interfaces/vending_machine_interfaces_s__rosidl_typesupport_c.cpython-310-x86_64-linux-gnu.so[0m
[ 96%] [32m[1mLinking C shared library rosidl_generator_py/vending_machine_interfaces/vending_machine_interfaces_s__rosidl_typesupport_introspection_c.cpython-310-x86_64-linux-gnu.so[0m
[100%] [32m[1mLinking C shared library rosidl_generator_py/vending_machine_interfaces/vending_machine_interfaces_s__rosidl_typesupport_fastrtps_c.cpython-310-x86_64-linux-gnu.so[0m
[100%] Built target vending_machine_interfaces__rosidl_typesupport_c__pyext
[100%] Built target vending_machine_interfaces__rosidl_typesupport_introspection_c__pyext
[100%] Built target vending_machine_interfaces__rosidl_typesupport_fastrtps_c__pyext
-- Install configuration: ""
-- Execute custom install script
-- Symlinking: /home/parimala/vending_machine_ws/install/vending_machine_interfaces/share/ament_index/resource_index/rosidl_interfaces/vending_machine_interfaces
-- Symlinking: /home/parimala/vending_machine_ws/install/vending_machine_interfaces/include/vending_machine_interfaces/vending_machine_interfaces/msg/rosidl_generator_c__visibility_control.h
-- Symlinking: /home/parimala/vending_machine_ws/install/vending_machine_interfaces/include/vending_machine_interfaces/vending_machine_interfaces/srv/detail/vending_machine__functions.h
-- Symlinking: /home/parimala/vending_machine_ws/install/vending_machine_interfaces/include/vending_machine_interfaces/vending_machine_interfaces/srv/detail/vending_machine__struct.h
-- Symlinking: /home/parimala/vending_machine_ws/install/vending_machine_interfaces/include/vending_machine_interfaces/vending_machine_interfaces/srv/detail/vending_machine__type_support.h
-- Symlinking: /home/parimala/vending_machine_ws/install/vending_machine_interfaces/include/vending_machine_interfaces/vending_machine_interfaces/srv/vending_machine.h
-- Symlinking: /home/parimala/vending_machine_ws/install/vending_machine_interfaces/share/vending_machine_interfaces/environment/library_path.sh
-- Symlinking: /home/parimala/vending_machine_ws/install/vending_machine_interfaces/share/vending_machine_interfaces/environment/library_path.dsv
-- Symlinking: /home/parimala/vending_machine_ws/install/vending_machine_interfaces/include/vending_machine_interfaces/vending_machine_interfaces/msg/rosidl_typesupport_fastrtps_c__visibility_control.h
-- Symlinking: /home/parimala/vending_machine_ws/install/vending_machine_interfaces/include/vending_machine_interfaces/vending_machine_interfaces/srv/detail/vending_machine__rosidl_typesupport_fastrtps_c.h
-- Symlinking: /home/parimala/vending_machine_ws/install/vending_machine_interfaces/include/vending_machine_interfaces/vending_machine_interfaces/msg/rosidl_typesupport_introspection_c__visibility_control.h
-- Symlinking: /home/parimala/vending_machine_ws/install/vending_machine_interfaces/include/vending_machine_interfaces/vending_machine_interfaces/srv/detail/vending_machine__rosidl_typesupport_introspection_c.h
-- Symlinking: /home/parimala/vending_machine_ws/install/vending_machine_interfaces/include/vending_machine_interfaces/vending_machine_interfaces/msg/rosidl_generator_cpp__visibility_control.hpp
-- Symlinking: /home/parimala/vending_machine_ws/install/vending_machine_interfaces/include/vending_machine_interfaces/vending_machine_interfaces/srv/detail/vending_machine__builder.hpp
-- Symlinking: /home/parimala/vending_machine_ws/install/vending_machine_interfaces/include/vending_machine_interfaces/vending_machine_interfaces/srv/detail/vending_machine__struct.hpp
-- Symlinking: /home/parimala/vending_machine_ws/install/vending_machine_interfaces/include/vending_machine_interfaces/vending_machine_interfaces/srv/detail/vending_machine__traits.hpp
-- Symlinking: /home/parimala/vending_machine_ws/install/vending_machine_interfaces/include/vending_machine_interfaces/vending_machine_interfaces/srv/detail/vending_machine__type_support.hpp
-- Symlinking: /home/parimala/vending_machine_ws/install/vending_machine_interfaces/include/vending_machine_interfaces/vending_machine_interfaces/srv/vending_machine.hpp
-- Symlinking: /home/parimala/vending_machine_ws/install/vending_machine_interfaces/include/vending_machine_interfaces/vending_machine_interfaces/msg/rosidl_typesupport_fastrtps_cpp__visibility_control.h
-- Symlinking: /home/parimala/vending_machine_ws/install/vending_machine_interfaces/include/vending_machine_interfaces/vending_machine_interfaces/srv/detail/vending_machine__rosidl_typesupport_fastrtps_cpp.hpp
-- Symlinking: /home/parimala/vending_machine_ws/install/vending_machine_interfaces/include/vending_machine_interfaces/vending_machine_interfaces/srv/detail/vending_machine__rosidl_typesupport_introspection_cpp.hpp
-- Symlinking: /home/parimala/vending_machine_ws/install/vending_machine_interfaces/share/vending_machine_interfaces/environment/pythonpath.sh
-- Symlinking: /home/parimala/vending_machine_ws/install/vending_machine_interfaces/share/vending_machine_interfaces/environment/pythonpath.dsv
-- Symlinking: /home/parimala/vending_machine_ws/install/vending_machine_interfaces/local/lib/python3.10/dist-packages/vending_machine_interfaces-1.0.0-py3.10.egg-info/PKG-INFO
-- Symlinking: /home/parimala/vending_machine_ws/install/vending_machine_interfaces/local/lib/python3.10/dist-packages/vending_machine_interfaces-1.0.0-py3.10.egg-info/SOURCES.txt
-- Symlinking: /home/parimala/vending_machine_ws/install/vending_machine_interfaces/local/lib/python3.10/dist-packages/vending_machine_interfaces-1.0.0-py3.10.egg-info/dependency_links.txt
-- Symlinking: /home/parimala/vending_machine_ws/install/vending_machine_interfaces/local/lib/python3.10/dist-packages/vending_machine_interfaces-1.0.0-py3.10.egg-info/top_level.txt
-- Symlinking: /home/parimala/vending_machine_ws/install/vending_machine_interfaces/local/lib/python3.10/dist-packages/vending_machine_interfaces/__init__.py
-- Symlinking: /home/parimala/vending_machine_ws/install/vending_machine_interfaces/local/lib/python3.10/dist-packages/vending_machine_interfaces/_vending_machine_interfaces_s.ep.rosidl_typesupport_c.c
-- Symlinking: /home/parimala/vending_machine_ws/install/vending_machine_interfaces/local/lib/python3.10/dist-packages/vending_machine_interfaces/_vending_machine_interfaces_s.ep.rosidl_typesupport_fastrtps_c.c
-- Symlinking: /home/parimala/vending_machine_ws/install/vending_machine_interfaces/local/lib/python3.10/dist-packages/vending_machine_interfaces/_vending_machine_interfaces_s.ep.rosidl_typesupport_introspection_c.c
-- Symlinking: /home/parimala/vending_machine_ws/install/vending_machine_interfaces/local/lib/python3.10/dist-packages/vending_machine_interfaces/libvending_machine_interfaces__rosidl_generator_py.so
-- Symlinking: /home/parimala/vending_machine_ws/install/vending_machine_interfaces/local/lib/python3.10/dist-packages/vending_machine_interfaces/srv/__init__.py
-- Symlinking: /home/parimala/vending_machine_ws/install/vending_machine_interfaces/local/lib/python3.10/dist-packages/vending_machine_interfaces/srv/_vending_machine.py
-- Symlinking: /home/parimala/vending_machine_ws/install/vending_machine_interfaces/local/lib/python3.10/dist-packages/vending_machine_interfaces/srv/_vending_machine_s.c
-- Symlinking: /home/parimala/vending_machine_ws/install/vending_machine_interfaces/local/lib/python3.10/dist-packages/vending_machine_interfaces/vending_machine_interfaces_s__rosidl_typesupport_c.cpython-310-x86_64-linux-gnu.so
-- Symlinking: /home/parimala/vending_machine_ws/install/vending_machine_interfaces/local/lib/python3.10/dist-packages/vending_machine_interfaces/vending_machine_interfaces_s__rosidl_typesupport_fastrtps_c.cpython-310-x86_64-linux-gnu.so
-- Symlinking: /home/parimala/vending_machine_ws/install/vending_machine_interfaces/local/lib/python3.10/dist-packages/vending_machine_interfaces/vending_machine_interfaces_s__rosidl_typesupport_introspection_c.cpython-310-x86_64-linux-gnu.so
-- Up-to-date symlink: /home/parimala/vending_machine_ws/install/vending_machine_interfaces/local/lib/python3.10/dist-packages/vending_machine_interfaces/vending_machine_interfaces_s__rosidl_typesupport_fastrtps_c.cpython-310-x86_64-linux-gnu.so
-- Up-to-date symlink: /home/parimala/vending_machine_ws/install/vending_machine_interfaces/local/lib/python3.10/dist-packages/vending_machine_interfaces/vending_machine_interfaces_s__rosidl_typesupport_introspection_c.cpython-310-x86_64-linux-gnu.so
-- Up-to-date symlink: /home/parimala/vending_machine_ws/install/vending_machine_interfaces/local/lib/python3.10/dist-packages/vending_machine_interfaces/vending_machine_interfaces_s__rosidl_typesupport_c.cpython-310-x86_64-linux-gnu.so
-- Symlinking: /home/parimala/vending_machine_ws/install/vending_machine_interfaces/share/ament_index/resource_index/rust_packages/vending_machine_interfaces
-- Symlinking: /home/parimala/vending_machine_ws/install/vending_machine_interfaces/share/vending_machine_interfaces/rust/Cargo.toml
-- Symlinking: /home/parimala/vending_machine_ws/install/vending_machine_interfaces/share/vending_machine_interfaces/rust/build.rs
-- Symlinking: /home/parimala/vending_machine_ws/install/vending_machine_interfaces/share/vending_machine_interfaces/rust/src/lib.rs
-- Symlinking: /home/parimala/vending_machine_ws/install/vending_machine_interfaces/share/vending_machine_interfaces/rust/src/srv.rs
-- Symlinking: /home/parimala/vending_machine_ws/install/vending_machine_interfaces/share/vending_machine_interfaces/rust/src/srv/rmw.rs
-- Symlinking: /home/parimala/vending_machine_ws/install/vending_machine_interfaces/share/vending_machine_interfaces/srv/VendingMachine.idl
-- Symlinking: /home/parimala/vending_machine_ws/install/vending_machine_interfaces/share/vending_machine_interfaces/srv/VendingMachine.srv
-- Symlinking: /home/parimala/vending_machine_ws/install/vending_machine_interfaces/share/vending_machine_interfaces/srv/VendingMachine_Request.msg
-- Symlinking: /home/parimala/vending_machine_ws/install/vending_machine_interfaces/share/vending_machine_interfaces/srv/VendingMachine_Response.msg
-- Symlinking: /home/parimala/vending_machine_ws/install/vending_machine_interfaces/share/ament_index/resource_index/package_run_dependencies/vending_machine_interfaces
-- Symlinking: /home/parimala/vending_machine_ws/install/vending_machine_interfaces/share/ament_index/resource_index/parent_prefix_path/vending_machine_interfaces
-- Symlinking: /home/parimala/vending_machine_ws/install/vending_machine_interfaces/share/vending_machine_interfaces/environment/ament_prefix_path.sh
-- Symlinking: /home/parimala/vending_machine_ws/install/vending_machine_interfaces/share/vending_machine_interfaces/environment/ament_prefix_path.dsv
-- Symlinking: /home/parimala/vending_machine_ws/install/vending_machine_interfaces/share/vending_machine_interfaces/environment/path.sh
-- Symlinking: /home/parimala/vending_machine_ws/install/vending_machine_interfaces/share/vending_machine_interfaces/environment/path.dsv
-- Symlinking: /home/parimala/vending_machine_ws/install/vending_machine_interfaces/share/vending_machine_interfaces/local_setup.bash
-- Symlinking: /home/parimala/vending_machine_ws/install/vending_machine_interfaces/share/vending_machine_interfaces/local_setup.sh
-- Symlinking: /home/parimala/vending_machine_ws/install/vending_machine_interfaces/share/vending_machine_interfaces/local_setup.zsh
-- Symlinking: /home/parimala/vending_machine_ws/install/vending_machine_interfaces/share/vending_machine_interfaces/local_setup.dsv
-- Symlinking: /home/parimala/vending_machine_ws/install/vending_machine_interfaces/share/vending_machine_interfaces/package.dsv
-- Symlinking: /home/parimala/vending_machine_ws/install/vending_machine_interfaces/share/ament_index/resource_index/packages/vending_machine_interfaces
-- Symlinking: /home/parimala/vending_machine_ws/install/vending_machine_interfaces/share/vending_machine_interfaces/cmake/rosidl_cmake-extras.cmake
-- Symlinking: /home/parimala/vending_machine_ws/install/vending_machine_interfaces/share/vending_machine_interfaces/cmake/ament_cmake_export_include_directories-extras.cmake
-- Symlinking: /home/parimala/vending_machine_ws/install/vending_machine_interfaces/share/vending_machine_interfaces/cmake/ament_cmake_export_libraries-extras.cmake
-- Symlinking: /home/parimala/vending_machine_ws/install/vending_machine_interfaces/share/vending_machine_interfaces/cmake/ament_cmake_export_targets-extras.cmake
-- Symlinking: /home/parimala/vending_machine_ws/install/vending_machine_interfaces/share/vending_machine_interfaces/cmake/rosidl_cmake_export_typesupport_targets-extras.cmake
-- Symlinking: /home/parimala/vending_machine_ws/install/vending_machine_interfaces/share/vending_machine_interfaces/cmake/ament_cmake_export_dependencies-extras.cmake
-- Symlinking: /home/parimala/vending_machine_ws/install/vending_machine_interfaces/share/vending_machine_interfaces/cmake/rosidl_cmake_export_typesupport_libraries-extras.cmake
-- Symlinking: /home/parimala/vending_machine_ws/install/vending_machine_interfaces/share/vending_machine_interfaces/cmake/vending_machine_interfacesConfig.cmake
-- Symlinking: /home/parimala/vending_machine_ws/install/vending_machine_interfaces/share/vending_machine_interfaces/cmake/vending_machine_interfacesConfig-version.cmake
-- Symlinking: /home/parimala/vending_machine_ws/install/vending_machine_interfaces/share/vending_machine_interfaces/package.xml
-- Installing: /home/parimala/vending_machine_ws/install/vending_machine_interfaces/lib/libvending_machine_interfaces__rosidl_generator_c.so
-- Set runtime path of "/home/parimala/vending_machine_ws/install/vending_machine_interfaces/lib/libvending_machine_interfaces__rosidl_generator_c.so" to ""
-- Installing: /home/parimala/vending_machine_ws/install/vending_machine_interfaces/lib/libvending_machine_interfaces__rosidl_typesupport_fastrtps_c.so
-- Set runtime path of "/home/parimala/vending_machine_ws/install/vending_machine_interfaces/lib/libvending_machine_interfaces__rosidl_typesupport_fastrtps_c.so" to ""
-- Installing: /home/parimala/vending_machine_ws/install/vending_machine_interfaces/lib/libvending_machine_interfaces__rosidl_typesupport_introspection_c.so
-- Set runtime path of "/home/parimala/vending_machine_ws/install/vending_machine_interfaces/lib/libvending_machine_interfaces__rosidl_typesupport_introspection_c.so" to ""
-- Installing: /home/parimala/vending_machine_ws/install/vending_machine_interfaces/lib/libvending_machine_interfaces__rosidl_typesupport_c.so
-- Set runtime path of "/home/parimala/vending_machine_ws/install/vending_machine_interfaces/lib/libvending_machine_interfaces__rosidl_typesupport_c.so" to ""
-- Installing: /home/parimala/vending_machine_ws/install/vending_machine_interfaces/lib/libvending_machine_interfaces__rosidl_typesupport_fastrtps_cpp.so
-- Set runtime path of "/home/parimala/vending_machine_ws/install/vending_machine_interfaces/lib/libvending_machine_interfaces__rosidl_typesupport_fastrtps_cpp.so" to ""
-- Installing: /home/parimala/vending_machine_ws/install/vending_machine_interfaces/lib/libvending_machine_interfaces__rosidl_typesupport_introspection_cpp.so
-- Set runtime path of "/home/parimala/vending_machine_ws/install/vending_machine_interfaces/lib/libvending_machine_interfaces__rosidl_typesupport_introspection_cpp.so" to ""
-- Installing: /home/parimala/vending_machine_ws/install/vending_machine_interfaces/lib/libvending_machine_interfaces__rosidl_typesupport_cpp.so
-- Set runtime path of "/home/parimala/vending_machine_ws/install/vending_machine_interfaces/lib/libvending_machine_interfaces__rosidl_typesupport_cpp.so" to ""
Listing '/home/parimala/vending_machine_ws/install/vending_machine_interfaces/local/lib/python3.10/dist-packages/vending_machine_interfaces'...
Compiling '/home/parimala/vending_machine_ws/install/vending_machine_interfaces/local/lib/python3.10/dist-packages/vending_machine_interfaces/__init__.py'...
Listing '/home/parimala/vending_machine_ws/install/vending_machine_interfaces/local/lib/python3.10/dist-packages/vending_machine_interfaces/srv'...
Compiling '/home/parimala/vending_machine_ws/install/vending_machine_interfaces/local/lib/python3.10/dist-packages/vending_machine_interfaces/srv/__init__.py'...
Compiling '/home/parimala/vending_machine_ws/install/vending_machine_interfaces/local/lib/python3.10/dist-packages/vending_machine_interfaces/srv/_vending_machine.py'...
-- Installing: /home/parimala/vending_machine_ws/install/vending_machine_interfaces/lib/libvending_machine_interfaces__rosidl_generator_py.so
-- Set runtime path of "/home/parimala/vending_machine_ws/install/vending_machine_interfaces/lib/libvending_machine_interfaces__rosidl_generator_py.so" to ""
-- Installing: /home/parimala/vending_machine_ws/install/vending_machine_interfaces/share/vending_machine_interfaces/cmake/export_vending_machine_interfaces__rosidl_generator_cExport.cmake
-- Installing: /home/parimala/vending_machine_ws/install/vending_machine_interfaces/share/vending_machine_interfaces/cmake/export_vending_machine_interfaces__rosidl_generator_cExport-noconfig.cmake
-- Installing: /home/parimala/vending_machine_ws/install/vending_machine_interfaces/share/vending_machine_interfaces/cmake/export_vending_machine_interfaces__rosidl_typesupport_fastrtps_cExport.cmake
-- Installing: /home/parimala/vending_machine_ws/install/vending_machine_interfaces/share/vending_machine_interfaces/cmake/export_vending_machine_interfaces__rosidl_typesupport_fastrtps_cExport-noconfig.cmake
-- Installing: /home/parimala/vending_machine_ws/install/vending_machine_interfaces/share/vending_machine_interfaces/cmake/vending_machine_interfaces__rosidl_typesupport_introspection_cExport.cmake
-- Installing: /home/parimala/vending_machine_ws/install/vending_machine_interfaces/share/vending_machine_interfaces/cmake/vending_machine_interfaces__rosidl_typesupport_introspection_cExport-noconfig.cmake
-- Installing: /home/parimala/vending_machine_ws/install/vending_machine_interfaces/share/vending_machine_interfaces/cmake/vending_machine_interfaces__rosidl_typesupport_cExport.cmake
-- Installing: /home/parimala/vending_machine_ws/install/vending_machine_interfaces/share/vending_machine_interfaces/cmake/vending_machine_interfaces__rosidl_typesupport_cExport-noconfig.cmake
-- Installing: /home/parimala/vending_machine_ws/install/vending_machine_interfaces/share/vending_machine_interfaces/cmake/export_vending_machine_interfaces__rosidl_generator_cppExport.cmake
-- Installing: /home/parimala/vending_machine_ws/install/vending_machine_interfaces/share/vending_machine_interfaces/cmake/export_vending_machine_interfaces__rosidl_typesupport_fastrtps_cppExport.cmake
-- Installing: /home/parimala/vending_machine_ws/install/vending_machine_interfaces/share/vending_machine_interfaces/cmake/export_vending_machine_interfaces__rosidl_typesupport_fastrtps_cppExport-noconfig.cmake
-- Installing: /home/parimala/vending_machine_ws/install/vending_machine_interfaces/share/vending_machine_interfaces/cmake/vending_machine_interfaces__rosidl_typesupport_introspection_cppExport.cmake
-- Installing: /home/parimala/vending_machine_ws/install/vending_machine_interfaces/share/vending_machine_interfaces/cmake/vending_machine_interfaces__rosidl_typesupport_introspection_cppExport-noconfig.cmake
-- Installing: /home/parimala/vending_machine_ws/install/vending_machine_interfaces/share/vending_machine_interfaces/cmake/vending_machine_interfaces__rosidl_typesupport_cppExport.cmake
-- Installing: /home/parimala/vending_machine_ws/install/vending_machine_interfaces/share/vending_machine_interfaces/cmake/vending_machine_interfaces__rosidl_typesupport_cppExport-noconfig.cmake
-- Installing: /home/parimala/vending_machine_ws/install/vending_machine_interfaces/share/vending_machine_interfaces/cmake/export_vending_machine_interfaces__rosidl_generator_pyExport.cmake
-- Installing: /home/parimala/vending_machine_ws/install/vending_machine_interfaces/share/vending_machine_interfaces/cmake/export_vending_machine_interfaces__rosidl_generator_pyExport-noconfig.cmake
